
####################################################################################################
# EST_POS SESSION START
# Session ID : 20260511_194606
# Log file   : C:\Code\ZOPBSP_Console\logs\estpos_subprocess\estpos_session_20260511_194606.log
# Python     : C:\ProgramData\Anaconda3\envs\Console\python.exe
# Started    : 2026-05-11 19:46:13.333560
####################################################################################################

----------------------------------------------------------------------------------------------------
[Est_pos parent] Starting run: 20260511_194648_147527
[Est_pos parent] Time: 2026-05-11 19:46:48.157637
[Est_pos parent] Command:
  C:\ProgramData\Anaconda3\envs\Console\python.exe -u -m Est_pos.estimate_pos_runner --out C:\Users\Dell\AppData\Local\Temp\zopbsp_estpos_9ut948vo\estpos_result.json --session-log logs\estpos_subprocess\estpos_session_20260511_194606.log --run-id 20260511_194648_147527 C:\Pi_loc\LA\RPI1\gps\GPS_RPI1_20251015_125600_Hydro_6673.txt C:\Pi_loc\LA\RPI2\gps\GPS_RPI2_20251015_125600_Hydro_6676.txt C:\Pi_loc\LA\RPI2\gps\GPS_RPI2_20251015_125600_Hydro_6676.txt C:\Pi_loc\LA\RPI1\streaming\RBW6673_20251015_125600.wav C:\Pi_loc\LA\RPI2\streaming\RBW6676_20251015_125600.wav C:\Pi_loc\LA\RPI3\streaming\RBW6675_20251015_125600.wav
[Est_pos parent] Working directory:
  C:\Code\ZOPBSP_Console
----------------------------------------------------------------------------------------------------

==========================================================================================
[Est_pos child] RUN START: 20260511_194648_147527
[Est_pos child] Time: 2026-05-11 19:46:48.534921
[Est_pos child] Input files:
  gps1: C:\Pi_loc\LA\RPI1\gps\GPS_RPI1_20251015_125600_Hydro_6673.txt
  gps2: C:\Pi_loc\LA\RPI2\gps\GPS_RPI2_20251015_125600_Hydro_6676.txt
  gps3: C:\Pi_loc\LA\RPI2\gps\GPS_RPI2_20251015_125600_Hydro_6676.txt
  wav1: C:\Pi_loc\LA\RPI1\streaming\RBW6673_20251015_125600.wav
  wav2: C:\Pi_loc\LA\RPI2\streaming\RBW6676_20251015_125600.wav
  wav3: C:\Pi_loc\LA\RPI3\streaming\RBW6675_20251015_125600.wav
------------------------------------------------------------------------------------------
after import data
after tdoa
GPS1: [[105600, 53.83543673333334, 17.646616206666668], [105601, 53.83543635166667, 17.64661573333333], [105602, 53.83543586333334, 17.646615391666668], [105603, 53.83543566333333, 17.64661539], [105604, 53.83543559500001, 17.646615361666665], [105605, 53.83543517, 17.646614931666665], [105606, 53.83543470333334, 17.646614273333334], [105607, 53.83543442666667, 17.646614109999998], [105608, 53.83543425833333, 17.64661424166667], [105609, 53.83543402, 17.646613585], [105610, 53.835433654999996, 17.646612881666666], [105611, 53.83543335833333, 17.64661274166667], [105612, 53.83543328833333, 17.646612773333334], [105613, 53.83543297999999, 17.646612341666664], [105614, 53.83543266333333, 17.646611908333334], [105615, 53.83543248166667, 17.646611819999997], [105616, 53.83543224666667, 17.64661114], [105617, 53.83543241166667, 17.646611184999998], [105618, 53.83543200166667, 17.646610983333336], [105619, 53.83543181499999, 17.646610923333334]]
GPS2: [[105600, 53.83506620333333, 17.64617318], [105601, 53.835066178333335, 17.646173235], [105602, 53.835066145000006, 17.64617314666667], [105603, 53.83506608999999, 17.64617318], [105604, 53.835066185, 17.646173065000003], [105605, 53.83506618666667, 17.646173306666665], [105606, 53.83506632499999, 17.646173201666667], [105607, 53.83506640666666, 17.646173331666667], [105608, 53.83506651833333, 17.646173516666668], [105609, 53.83506664, 17.646173433333335], [105610, 53.835066835, 17.646173636666667], [105611, 53.83506701666667, 17.646173644999998], [105612, 53.83506720666666, 17.646173763333334], [105613, 53.83506739999999, 17.646173918333332], [105614, 53.83506758, 17.646174066666667], [105615, 53.83506772333333, 17.646174026666664], [105616, 53.83506760833334, 17.64617369833333], [105617, 53.83506797333333, 17.646174345000002], [105618, 53.83506826666667, 17.646174371666667], [105619, 53.83506858166667, 17.64617441833333]]
GPS3: [[105600, 53.83506620333333, 17.64617318], [105601, 53.835066178333335, 17.646173235], [105602, 53.835066145000006, 17.64617314666667], [105603, 53.83506608999999, 17.64617318], [105604, 53.835066185, 17.646173065000003], [105605, 53.83506618666667, 17.646173306666665], [105606, 53.83506632499999, 17.646173201666667], [105607, 53.83506640666666, 17.646173331666667], [105608, 53.83506651833333, 17.646173516666668], [105609, 53.83506664, 17.646173433333335], [105610, 53.835066835, 17.646173636666667], [105611, 53.83506701666667, 17.646173644999998], [105612, 53.83506720666666, 17.646173763333334], [105613, 53.83506739999999, 17.646173918333332], [105614, 53.83506758, 17.646174066666667], [105615, 53.83506772333333, 17.646174026666664], [105616, 53.83506760833334, 17.64617369833333], [105617, 53.83506797333333, 17.646174345000002], [105618, 53.83506826666667, 17.646174371666667], [105619, 53.83506858166667, 17.64617441833333]]
ref_lat:  53.83543673333334
ref_lon:  17.646616206666668
aeqd: +proj=aeqd +lat_0=53.83543673333334 +lon_0=17.646616206666668 +datum=WGS84 +units=m +no_defs +type=crs
fwd: proj=pipeline step proj=unitconvert xy_in=deg xy_out=rad step proj=aeqd lat_0=53.8354367333333 lon_0=17.6466162066667 x_0=0 y_0=0 ellps=WGS84
inv: proj=pipeline step inv proj=aeqd lat_0=53.8354367333333 lon_0=17.6466162066667 x_0=0 y_0=0 ellps=WGS84 step proj=unitconvert xy_in=rad xy_out=deg
after make_local_transformer
after H_coord
after tdoa_estimate_mode_6
after filter_est_track_by_radius
------------------------------------------------------------------------------------------
[Est_pos child] RUN OK: 20260511_194648_147527
[Est_pos child] Result length: 20
[Est_pos child] Output JSON: C:\Users\Dell\AppData\Local\Temp\zopbsp_estpos_9ut948vo\estpos_result.json
==========================================================================================

[Est_pos parent] Run finished: 20260511_194648_147527
[Est_pos parent] Return code: 0
[Est_pos parent] JSON exists: True

[Est_pos parent] RUN OK: 20260511_194648_147527
[Est_pos parent] Result length: 20
----------------------------------------------------------------------------------------------------

----------------------------------------------------------------------------------------------------
[Est_pos parent] Starting run: 20260511_194700_487626
[Est_pos parent] Time: 2026-05-11 19:47:00.489633
[Est_pos parent] Command:
  C:\ProgramData\Anaconda3\envs\Console\python.exe -u -m Est_pos.estimate_pos_runner --out C:\Users\Dell\AppData\Local\Temp\zopbsp_estpos_psk7p7s5\estpos_result.json --session-log logs\estpos_subprocess\estpos_session_20260511_194606.log --run-id 20260511_194700_487626 C:\Pi_loc\LA\RPI1\gps\GPS_RPI1_20251015_125600_Hydro_6673.txt C:\Pi_loc\LA\RPI2\gps\GPS_RPI2_20251015_125600_Hydro_6676.txt C:\Pi_loc\LA\RPI3\gps\GPS_RPI3_20251015_125600_Hydro_6675.txt C:\Pi_loc\LA\RPI1\streaming\RBW6673_20251015_125600.wav C:\Pi_loc\LA\RPI2\streaming\RBW6676_20251015_125600.wav C:\Pi_loc\LA\RPI3\streaming\RBW6675_20251015_125600.wav
[Est_pos parent] Working directory:
  C:\Code\ZOPBSP_Console
----------------------------------------------------------------------------------------------------

==========================================================================================
[Est_pos child] RUN START: 20260511_194700_487626
[Est_pos child] Time: 2026-05-11 19:47:00.780418
[Est_pos child] Input files:
  gps1: C:\Pi_loc\LA\RPI1\gps\GPS_RPI1_20251015_125600_Hydro_6673.txt
  gps2: C:\Pi_loc\LA\RPI2\gps\GPS_RPI2_20251015_125600_Hydro_6676.txt
  gps3: C:\Pi_loc\LA\RPI3\gps\GPS_RPI3_20251015_125600_Hydro_6675.txt
  wav1: C:\Pi_loc\LA\RPI1\streaming\RBW6673_20251015_125600.wav
  wav2: C:\Pi_loc\LA\RPI2\streaming\RBW6676_20251015_125600.wav
  wav3: C:\Pi_loc\LA\RPI3\streaming\RBW6675_20251015_125600.wav
------------------------------------------------------------------------------------------
after import data
after tdoa
GPS1: [[105600, 53.83543673333334, 17.646616206666668], [105601, 53.83543635166667, 17.64661573333333], [105602, 53.83543586333334, 17.646615391666668], [105603, 53.83543566333333, 17.64661539], [105604, 53.83543559500001, 17.646615361666665], [105605, 53.83543517, 17.646614931666665], [105606, 53.83543470333334, 17.646614273333334], [105607, 53.83543442666667, 17.646614109999998], [105608, 53.83543425833333, 17.64661424166667], [105609, 53.83543402, 17.646613585], [105610, 53.835433654999996, 17.646612881666666], [105611, 53.83543335833333, 17.64661274166667], [105612, 53.83543328833333, 17.646612773333334], [105613, 53.83543297999999, 17.646612341666664], [105614, 53.83543266333333, 17.646611908333334], [105615, 53.83543248166667, 17.646611819999997], [105616, 53.83543224666667, 17.64661114], [105617, 53.83543241166667, 17.646611184999998], [105618, 53.83543200166667, 17.646610983333336], [105619, 53.83543181499999, 17.646610923333334]]
GPS2: [[105600, 53.83506620333333, 17.64617318], [105601, 53.835066178333335, 17.646173235], [105602, 53.835066145000006, 17.64617314666667], [105603, 53.83506608999999, 17.64617318], [105604, 53.835066185, 17.646173065000003], [105605, 53.83506618666667, 17.646173306666665], [105606, 53.83506632499999, 17.646173201666667], [105607, 53.83506640666666, 17.646173331666667], [105608, 53.83506651833333, 17.646173516666668], [105609, 53.83506664, 17.646173433333335], [105610, 53.835066835, 17.646173636666667], [105611, 53.83506701666667, 17.646173644999998], [105612, 53.83506720666666, 17.646173763333334], [105613, 53.83506739999999, 17.646173918333332], [105614, 53.83506758, 17.646174066666667], [105615, 53.83506772333333, 17.646174026666664], [105616, 53.83506760833334, 17.64617369833333], [105617, 53.83506797333333, 17.646174345000002], [105618, 53.83506826666667, 17.646174371666667], [105619, 53.83506858166667, 17.64617441833333]]
GPS3: [[105600, 53.834903176666664, 17.646176345], [105601, 53.834902746666664, 17.646177811666668], [105602, 53.83490247500001, 17.646179396666664], [105603, 53.834902230000004, 17.64618094333333], [105604, 53.834901995, 17.646182383333333], [105605, 53.83490174, 17.64618376166667], [105606, 53.834901455, 17.64618512666667], [105607, 53.83490109666666, 17.64618632], [105608, 53.83490070333334, 17.646187461666667], [105609, 53.83490034, 17.646188936666665], [105610, 53.83489999166667, 17.646190433333334], [105611, 53.834899846666666, 17.64619211333333], [105612, 53.834899473333344, 17.64619386], [105613, 53.834899048333334, 17.64619561], [105614, 53.834898771666666, 17.646197433333334], [105615, 53.83489833333333, 17.646199229999997], [105616, 53.834897475, 17.646202691666666], [105617, 53.83489279833334, 17.646199686666666], [105618, 53.83489769, 17.646207428333334], [105619, 53.834897014999996, 17.646208506666667]]
ref_lat:  53.83543673333334
ref_lon:  17.646616206666668
aeqd: +proj=aeqd +lat_0=53.83543673333334 +lon_0=17.646616206666668 +datum=WGS84 +units=m +no_defs +type=crs
fwd: proj=pipeline step proj=unitconvert xy_in=deg xy_out=rad step proj=aeqd lat_0=53.8354367333333 lon_0=17.6466162066667 x_0=0 y_0=0 ellps=WGS84
inv: proj=pipeline step inv proj=aeqd lat_0=53.8354367333333 lon_0=17.6466162066667 x_0=0 y_0=0 ellps=WGS84 step proj=unitconvert xy_in=rad xy_out=deg
after make_local_transformer
after H_coord
after tdoa_estimate_mode_6
after filter_est_track_by_radius
------------------------------------------------------------------------------------------
[Est_pos child] RUN OK: 20260511_194700_487626
[Est_pos child] Result length: 20
[Est_pos child] Output JSON: C:\Users\Dell\AppData\Local\Temp\zopbsp_estpos_psk7p7s5\estpos_result.json
==========================================================================================

[Est_pos parent] Run finished: 20260511_194700_487626
[Est_pos parent] Return code: 0
[Est_pos parent] JSON exists: True

[Est_pos parent] RUN OK: 20260511_194700_487626
[Est_pos parent] Result length: 20
----------------------------------------------------------------------------------------------------

----------------------------------------------------------------------------------------------------
[Est_pos parent] Starting run: 20260511_194711_594303
[Est_pos parent] Time: 2026-05-11 19:47:11.594303
[Est_pos parent] Command:
  C:\ProgramData\Anaconda3\envs\Console\python.exe -u -m Est_pos.estimate_pos_runner --out C:\Users\Dell\AppData\Local\Temp\zopbsp_estpos_t_0lr9h3\estpos_result.json --session-log logs\estpos_subprocess\estpos_session_20260511_194606.log --run-id 20260511_194711_594303 C:\Pi_loc\LA\RPI1\gps\GPS_RPI1_20251015_125630_Hydro_6673.txt C:\Pi_loc\LA\RPI2\gps\GPS_RPI2_20251015_125630_Hydro_6676.txt C:\Pi_loc\LA\RPI2\gps\GPS_RPI2_20251015_125630_Hydro_6676.txt C:\Pi_loc\LA\RPI1\streaming\RBW6673_20251015_125630.wav C:\Pi_loc\LA\RPI2\streaming\RBW6676_20251015_125630.wav C:\Pi_loc\LA\RPI3\streaming\RBW6675_20251015_125630.wav
[Est_pos parent] Working directory:
  C:\Code\ZOPBSP_Console
----------------------------------------------------------------------------------------------------

==========================================================================================
[Est_pos child] RUN START: 20260511_194711_594303
[Est_pos child] Time: 2026-05-11 19:47:11.862777
[Est_pos child] Input files:
  gps1: C:\Pi_loc\LA\RPI1\gps\GPS_RPI1_20251015_125630_Hydro_6673.txt
  gps2: C:\Pi_loc\LA\RPI2\gps\GPS_RPI2_20251015_125630_Hydro_6676.txt
  gps3: C:\Pi_loc\LA\RPI2\gps\GPS_RPI2_20251015_125630_Hydro_6676.txt
  wav1: C:\Pi_loc\LA\RPI1\streaming\RBW6673_20251015_125630.wav
  wav2: C:\Pi_loc\LA\RPI2\streaming\RBW6676_20251015_125630.wav
  wav3: C:\Pi_loc\LA\RPI3\streaming\RBW6675_20251015_125630.wav
------------------------------------------------------------------------------------------
after import data
after tdoa
GPS1: [[105630, 53.835430366666664, 17.64660930666667], [105631, 53.83543020333333, 17.64660931], [105632, 53.83543051833333, 17.646609005000002], [105633, 53.835430511666665, 17.646609038333334], [105634, 53.83543031333333, 17.646608793333332], [105635, 53.83543012333333, 17.64660878], [105636, 53.83543032166667, 17.646608951666668], [105637, 53.835430558333336, 17.646608655], [105638, 53.83543038833333, 17.646608623333336], [105639, 53.835430235, 17.646608826666668], [105640, 53.83543031166667, 17.646608983333333], [105641, 53.83543041166666, 17.646609151666667], [105642, 53.835430595, 17.64660906], [105643, 53.83543069, 17.646609031666667], [105644, 53.835430735, 17.646609305000002], [105645, 53.83543083333334, 17.64660937], [105646, 53.835430941666665, 17.646609435000002], [105647, 53.83543092166666, 17.64660955], [105648, 53.83543095499999, 17.646609811666668], [105649, 53.83543110666666, 17.646609809999998]]
GPS2: [[105630, 53.83507160166667, 17.646175783333334], [105631, 53.8350719, 17.64617580666667], [105632, 53.83507221666667, 17.64617605333333], [105633, 53.83507245833333, 17.646176055], [105634, 53.835072675000006, 17.646176161666666], [105635, 53.83507293166667, 17.646176103333335], [105636, 53.83507318333333, 17.646176198333333], [105637, 53.83507333833333, 17.64617635], [105638, 53.83507350333333, 17.646176376666666], [105639, 53.835073683333334, 17.646176388333334], [105640, 53.83507382833333, 17.646176493333332], [105641, 53.83507403833334, 17.646176321666665], [105642, 53.83507419166667, 17.64617648333333], [105643, 53.83507410333333, 17.646176461666666], [105644, 53.83507425333334, 17.646176611666665], [105645, 53.83507427333334, 17.64617655833333], [105646, 53.83507423333334, 17.646176608333334], [105647, 53.83507408666666, 17.646176418333333], [105648, 53.835074031666664, 17.646176708333332], [105649, 53.835074035, 17.64617675]]
GPS3: [[105630, 53.83507160166667, 17.646175783333334], [105631, 53.8350719, 17.64617580666667], [105632, 53.83507221666667, 17.64617605333333], [105633, 53.83507245833333, 17.646176055], [105634, 53.835072675000006, 17.646176161666666], [105635, 53.83507293166667, 17.646176103333335], [105636, 53.83507318333333, 17.646176198333333], [105637, 53.83507333833333, 17.64617635], [105638, 53.83507350333333, 17.646176376666666], [105639, 53.835073683333334, 17.646176388333334], [105640, 53.83507382833333, 17.646176493333332], [105641, 53.83507403833334, 17.646176321666665], [105642, 53.83507419166667, 17.64617648333333], [105643, 53.83507410333333, 17.646176461666666], [105644, 53.83507425333334, 17.646176611666665], [105645, 53.83507427333334, 17.64617655833333], [105646, 53.83507423333334, 17.646176608333334], [105647, 53.83507408666666, 17.646176418333333], [105648, 53.835074031666664, 17.646176708333332], [105649, 53.835074035, 17.64617675]]
ref_lat:  53.835430366666664
ref_lon:  17.64660930666667
aeqd: +proj=aeqd +lat_0=53.835430366666664 +lon_0=17.64660930666667 +datum=WGS84 +units=m +no_defs +type=crs
fwd: proj=pipeline step proj=unitconvert xy_in=deg xy_out=rad step proj=aeqd lat_0=53.8354303666667 lon_0=17.6466093066667 x_0=0 y_0=0 ellps=WGS84
inv: proj=pipeline step inv proj=aeqd lat_0=53.8354303666667 lon_0=17.6466093066667 x_0=0 y_0=0 ellps=WGS84 step proj=unitconvert xy_in=rad xy_out=deg
after make_local_transformer
after H_coord
after tdoa_estimate_mode_6
after filter_est_track_by_radius
------------------------------------------------------------------------------------------
[Est_pos child] RUN OK: 20260511_194711_594303
[Est_pos child] Result length: 20
[Est_pos child] Output JSON: C:\Users\Dell\AppData\Local\Temp\zopbsp_estpos_t_0lr9h3\estpos_result.json
==========================================================================================

[Est_pos parent] Run finished: 20260511_194711_594303
[Est_pos parent] Return code: 0
[Est_pos parent] JSON exists: True

[Est_pos parent] RUN OK: 20260511_194711_594303
[Est_pos parent] Result length: 20
----------------------------------------------------------------------------------------------------

----------------------------------------------------------------------------------------------------
[Est_pos parent] Starting run: 20260511_194723_368443
[Est_pos parent] Time: 2026-05-11 19:47:23.370549
[Est_pos parent] Command:
  C:\ProgramData\Anaconda3\envs\Console\python.exe -u -m Est_pos.estimate_pos_runner --out C:\Users\Dell\AppData\Local\Temp\zopbsp_estpos_qi5ynm_e\estpos_result.json --session-log logs\estpos_subprocess\estpos_session_20260511_194606.log --run-id 20260511_194723_368443 C:\Pi_loc\LA\RPI1\gps\GPS_RPI1_20251015_125630_Hydro_6673.txt C:\Pi_loc\LA\RPI2\gps\GPS_RPI2_20251015_125630_Hydro_6676.txt C:\Pi_loc\LA\RPI3\gps\GPS_RPI3_20251015_125630_Hydro_6675.txt C:\Pi_loc\LA\RPI1\streaming\RBW6673_20251015_125630.wav C:\Pi_loc\LA\RPI2\streaming\RBW6676_20251015_125630.wav C:\Pi_loc\LA\RPI3\streaming\RBW6675_20251015_125630.wav
[Est_pos parent] Working directory:
  C:\Code\ZOPBSP_Console
----------------------------------------------------------------------------------------------------

==========================================================================================
[Est_pos child] RUN START: 20260511_194723_368443
[Est_pos child] Time: 2026-05-11 19:47:23.617895
[Est_pos child] Input files:
  gps1: C:\Pi_loc\LA\RPI1\gps\GPS_RPI1_20251015_125630_Hydro_6673.txt
  gps2: C:\Pi_loc\LA\RPI2\gps\GPS_RPI2_20251015_125630_Hydro_6676.txt
  gps3: C:\Pi_loc\LA\RPI3\gps\GPS_RPI3_20251015_125630_Hydro_6675.txt
  wav1: C:\Pi_loc\LA\RPI1\streaming\RBW6673_20251015_125630.wav
  wav2: C:\Pi_loc\LA\RPI2\streaming\RBW6676_20251015_125630.wav
  wav3: C:\Pi_loc\LA\RPI3\streaming\RBW6675_20251015_125630.wav
------------------------------------------------------------------------------------------
after import data
after tdoa
GPS1: [[105630, 53.835430366666664, 17.64660930666667], [105631, 53.83543020333333, 17.64660931], [105632, 53.83543051833333, 17.646609005000002], [105633, 53.835430511666665, 17.646609038333334], [105634, 53.83543031333333, 17.646608793333332], [105635, 53.83543012333333, 17.64660878], [105636, 53.83543032166667, 17.646608951666668], [105637, 53.835430558333336, 17.646608655], [105638, 53.83543038833333, 17.646608623333336], [105639, 53.835430235, 17.646608826666668], [105640, 53.83543031166667, 17.646608983333333], [105641, 53.83543041166666, 17.646609151666667], [105642, 53.835430595, 17.64660906], [105643, 53.83543069, 17.646609031666667], [105644, 53.835430735, 17.646609305000002], [105645, 53.83543083333334, 17.64660937], [105646, 53.835430941666665, 17.646609435000002], [105647, 53.83543092166666, 17.64660955], [105648, 53.83543095499999, 17.646609811666668], [105649, 53.83543110666666, 17.646609809999998]]
GPS2: [[105630, 53.83507160166667, 17.646175783333334], [105631, 53.8350719, 17.64617580666667], [105632, 53.83507221666667, 17.64617605333333], [105633, 53.83507245833333, 17.646176055], [105634, 53.835072675000006, 17.646176161666666], [105635, 53.83507293166667, 17.646176103333335], [105636, 53.83507318333333, 17.646176198333333], [105637, 53.83507333833333, 17.64617635], [105638, 53.83507350333333, 17.646176376666666], [105639, 53.835073683333334, 17.646176388333334], [105640, 53.83507382833333, 17.646176493333332], [105641, 53.83507403833334, 17.646176321666665], [105642, 53.83507419166667, 17.64617648333333], [105643, 53.83507410333333, 17.646176461666666], [105644, 53.83507425333334, 17.646176611666665], [105645, 53.83507427333334, 17.64617655833333], [105646, 53.83507423333334, 17.646176608333334], [105647, 53.83507408666666, 17.646176418333333], [105648, 53.835074031666664, 17.646176708333332], [105649, 53.835074035, 17.64617675]]
GPS3: [[105630, 53.834893715, 17.646228328333333], [105631, 53.834893564999994, 17.646230348333333], [105632, 53.83489348666667, 17.646232413333333], [105633, 53.83489340333334, 17.646234483333334], [105634, 53.834893386666664, 17.64623660333333], [105635, 53.83489343166666, 17.646238763333333], [105636, 53.83489343666667, 17.64624094666667], [105637, 53.83489336833333, 17.646243278333333], [105638, 53.83489346666667, 17.646245654999998], [105639, 53.83489352333333, 17.646247978333335], [105640, 53.834893695, 17.646250283333334], [105641, 53.834893789999995, 17.646252466666667], [105642, 53.834893811666674, 17.64625467666667], [105643, 53.83489374333333, 17.646256726666664], [105644, 53.83489361833334, 17.646258835], [105645, 53.834893326666666, 17.646260771666668], [105646, 53.83489301666667, 17.646262789999998], [105647, 53.83489261500001, 17.64626472666667], [105648, 53.834892188333335, 17.646266615000002], [105649, 53.834891854999995, 17.646268563333333]]
ref_lat:  53.835430366666664
ref_lon:  17.64660930666667
aeqd: +proj=aeqd +lat_0=53.835430366666664 +lon_0=17.64660930666667 +datum=WGS84 +units=m +no_defs +type=crs
fwd: proj=pipeline step proj=unitconvert xy_in=deg xy_out=rad step proj=aeqd lat_0=53.8354303666667 lon_0=17.6466093066667 x_0=0 y_0=0 ellps=WGS84
inv: proj=pipeline step inv proj=aeqd lat_0=53.8354303666667 lon_0=17.6466093066667 x_0=0 y_0=0 ellps=WGS84 step proj=unitconvert xy_in=rad xy_out=deg
after make_local_transformer
after H_coord
after tdoa_estimate_mode_6
after filter_est_track_by_radius
------------------------------------------------------------------------------------------
[Est_pos child] RUN OK: 20260511_194723_368443
[Est_pos child] Result length: 20
[Est_pos child] Output JSON: C:\Users\Dell\AppData\Local\Temp\zopbsp_estpos_qi5ynm_e\estpos_result.json
==========================================================================================

[Est_pos parent] Run finished: 20260511_194723_368443
[Est_pos parent] Return code: 0
[Est_pos parent] JSON exists: True

[Est_pos parent] RUN OK: 20260511_194723_368443
[Est_pos parent] Result length: 20
----------------------------------------------------------------------------------------------------

----------------------------------------------------------------------------------------------------
[Est_pos parent] Starting run: 20260511_194734_757544
[Est_pos parent] Time: 2026-05-11 19:47:34.760618
[Est_pos parent] Command:
  C:\ProgramData\Anaconda3\envs\Console\python.exe -u -m Est_pos.estimate_pos_runner --out C:\Users\Dell\AppData\Local\Temp\zopbsp_estpos_8xv8iq0b\estpos_result.json --session-log logs\estpos_subprocess\estpos_session_20260511_194606.log --run-id 20260511_194734_757544 C:\Pi_loc\LA\RPI1\gps\GPS_RPI1_20251015_125700_Hydro_6673.txt C:\Pi_loc\LA\RPI2\gps\GPS_RPI2_20251015_125700_Hydro_6676.txt C:\Pi_loc\LA\RPI2\gps\GPS_RPI2_20251015_125700_Hydro_6676.txt C:\Pi_loc\LA\RPI1\streaming\RBW6673_20251015_125700.wav C:\Pi_loc\LA\RPI2\streaming\RBW6676_20251015_125700.wav C:\Pi_loc\LA\RPI3\streaming\RBW6675_20251015_125700.wav
[Est_pos parent] Working directory:
  C:\Code\ZOPBSP_Console
----------------------------------------------------------------------------------------------------

==========================================================================================
[Est_pos child] RUN START: 20260511_194734_757544
[Est_pos child] Time: 2026-05-11 19:47:35.039060
[Est_pos child] Input files:
  gps1: C:\Pi_loc\LA\RPI1\gps\GPS_RPI1_20251015_125700_Hydro_6673.txt
  gps2: C:\Pi_loc\LA\RPI2\gps\GPS_RPI2_20251015_125700_Hydro_6676.txt
  gps3: C:\Pi_loc\LA\RPI2\gps\GPS_RPI2_20251015_125700_Hydro_6676.txt
  wav1: C:\Pi_loc\LA\RPI1\streaming\RBW6673_20251015_125700.wav
  wav2: C:\Pi_loc\LA\RPI2\streaming\RBW6676_20251015_125700.wav
  wav3: C:\Pi_loc\LA\RPI3\streaming\RBW6675_20251015_125700.wav
------------------------------------------------------------------------------------------
after import data
after tdoa
GPS1: [[105700, 53.835430845000005, 17.646610026666668], [105701, 53.83543108666666, 17.646610515000003], [105702, 53.83543119833333, 17.646610011666667], [105703, 53.83543098, 17.646609435000002], [105704, 53.83543092166666, 17.646609571666666], [105705, 53.83543112, 17.646609903333335], [105706, 53.83543110000001, 17.646609771666665], [105707, 53.83543093833334, 17.646609286666667], [105708, 53.83543089, 17.646609228333332], [105709, 53.835431006666674, 17.646609485], [105710, 53.835430903333325, 17.64660915], [105711, 53.83543059833334, 17.64660893], [105712, 53.83543051833333, 17.646609071666667], [105713, 53.83543055333333, 17.646609056666666], [105714, 53.8354305, 17.646608616666665], [105715, 53.835430200000005, 17.646608403333335], [105716, 53.835430028333334, 17.646608563333334], [105717, 53.835430200000005, 17.64660867166667], [105718, 53.835430071666664, 17.646608085], [105719, 53.83542940666666, 17.646607915]]
GPS2: [[105700, 53.83507401166666, 17.646176676666666], [105701, 53.83507410333333, 17.646176938333333], [105702, 53.835074145, 17.64617666], [105703, 53.83507436666667, 17.646176591666666], [105704, 53.835074446666674, 17.64617663], [105705, 53.835074548333324, 17.646176695], [105706, 53.835074481666666, 17.646176595], [105707, 53.835074623333334, 17.646176825], [105708, 53.835074858333336, 17.646176753333336], [105709, 53.835075001666674, 17.64617669833333], [105710, 53.83507510833333, 17.646176771666667], [105711, 53.835075139999994, 17.646176944999997], [105712, 53.83507530333333, 17.646176816666664], [105713, 53.83507534666666, 17.64617675], [105714, 53.835075408333324, 17.646176816666664], [105715, 53.83507542166667, 17.646176701666665], [105716, 53.835075503333336, 17.646176848333333], [105717, 53.83507548833333, 17.646176696666664], [105718, 53.83507558833333, 17.646176986666667], [105719, 53.83507561, 17.646176691666668]]
GPS3: [[105700, 53.83507401166666, 17.646176676666666], [105701, 53.83507410333333, 17.646176938333333], [105702, 53.835074145, 17.64617666], [105703, 53.83507436666667, 17.646176591666666], [105704, 53.835074446666674, 17.64617663], [105705, 53.835074548333324, 17.646176695], [105706, 53.835074481666666, 17.646176595], [105707, 53.835074623333334, 17.646176825], [105708, 53.835074858333336, 17.646176753333336], [105709, 53.835075001666674, 17.64617669833333], [105710, 53.83507510833333, 17.646176771666667], [105711, 53.835075139999994, 17.646176944999997], [105712, 53.83507530333333, 17.646176816666664], [105713, 53.83507534666666, 17.64617675], [105714, 53.835075408333324, 17.646176816666664], [105715, 53.83507542166667, 17.646176701666665], [105716, 53.835075503333336, 17.646176848333333], [105717, 53.83507548833333, 17.646176696666664], [105718, 53.83507558833333, 17.646176986666667], [105719, 53.83507561, 17.646176691666668]]
ref_lat:  53.835430845000005
ref_lon:  17.646610026666668
aeqd: +proj=aeqd +lat_0=53.835430845000005 +lon_0=17.646610026666668 +datum=WGS84 +units=m +no_defs +type=crs
fwd: proj=pipeline step proj=unitconvert xy_in=deg xy_out=rad step proj=aeqd lat_0=53.835430845 lon_0=17.6466100266667 x_0=0 y_0=0 ellps=WGS84
inv: proj=pipeline step inv proj=aeqd lat_0=53.835430845 lon_0=17.6466100266667 x_0=0 y_0=0 ellps=WGS84 step proj=unitconvert xy_in=rad xy_out=deg
after make_local_transformer
after H_coord
after tdoa_estimate_mode_6
after filter_est_track_by_radius
------------------------------------------------------------------------------------------
[Est_pos child] RUN OK: 20260511_194734_757544
[Est_pos child] Result length: 15
[Est_pos child] Output JSON: C:\Users\Dell\AppData\Local\Temp\zopbsp_estpos_8xv8iq0b\estpos_result.json
==========================================================================================

[Est_pos parent] Run finished: 20260511_194734_757544
[Est_pos parent] Return code: 0
[Est_pos parent] JSON exists: True

[Est_pos parent] RUN OK: 20260511_194734_757544
[Est_pos parent] Result length: 15
----------------------------------------------------------------------------------------------------

----------------------------------------------------------------------------------------------------
[Est_pos parent] Starting run: 20260511_194746_022799
[Est_pos parent] Time: 2026-05-11 19:47:46.024549
[Est_pos parent] Command:
  C:\ProgramData\Anaconda3\envs\Console\python.exe -u -m Est_pos.estimate_pos_runner --out C:\Users\Dell\AppData\Local\Temp\zopbsp_estpos_f1th8tf5\estpos_result.json --session-log logs\estpos_subprocess\estpos_session_20260511_194606.log --run-id 20260511_194746_022799 C:\Pi_loc\LA\RPI1\gps\GPS_RPI1_20251015_125700_Hydro_6673.txt C:\Pi_loc\LA\RPI2\gps\GPS_RPI2_20251015_125700_Hydro_6676.txt C:\Pi_loc\LA\RPI3\gps\GPS_RPI3_20251015_125700_Hydro_6675.txt C:\Pi_loc\LA\RPI1\streaming\RBW6673_20251015_125700.wav C:\Pi_loc\LA\RPI2\streaming\RBW6676_20251015_125700.wav C:\Pi_loc\LA\RPI3\streaming\RBW6675_20251015_125700.wav
[Est_pos parent] Working directory:
  C:\Code\ZOPBSP_Console
----------------------------------------------------------------------------------------------------

==========================================================================================
[Est_pos child] RUN START: 20260511_194746_022799
[Est_pos child] Time: 2026-05-11 19:47:46.245947
[Est_pos child] Input files:
  gps1: C:\Pi_loc\LA\RPI1\gps\GPS_RPI1_20251015_125700_Hydro_6673.txt
  gps2: C:\Pi_loc\LA\RPI2\gps\GPS_RPI2_20251015_125700_Hydro_6676.txt
  gps3: C:\Pi_loc\LA\RPI3\gps\GPS_RPI3_20251015_125700_Hydro_6675.txt
  wav1: C:\Pi_loc\LA\RPI1\streaming\RBW6673_20251015_125700.wav
  wav2: C:\Pi_loc\LA\RPI2\streaming\RBW6676_20251015_125700.wav
  wav3: C:\Pi_loc\LA\RPI3\streaming\RBW6675_20251015_125700.wav
------------------------------------------------------------------------------------------
after import data
after tdoa
GPS1: [[105700, 53.835430845000005, 17.646610026666668], [105701, 53.83543108666666, 17.646610515000003], [105702, 53.83543119833333, 17.646610011666667], [105703, 53.83543098, 17.646609435000002], [105704, 53.83543092166666, 17.646609571666666], [105705, 53.83543112, 17.646609903333335], [105706, 53.83543110000001, 17.646609771666665], [105707, 53.83543093833334, 17.646609286666667], [105708, 53.83543089, 17.646609228333332], [105709, 53.835431006666674, 17.646609485], [105710, 53.835430903333325, 17.64660915], [105711, 53.83543059833334, 17.64660893], [105712, 53.83543051833333, 17.646609071666667], [105713, 53.83543055333333, 17.646609056666666], [105714, 53.8354305, 17.646608616666665], [105715, 53.835430200000005, 17.646608403333335], [105716, 53.835430028333334, 17.646608563333334], [105717, 53.835430200000005, 17.64660867166667], [105718, 53.835430071666664, 17.646608085], [105719, 53.83542940666666, 17.646607915]]
GPS2: [[105700, 53.83507401166666, 17.646176676666666], [105701, 53.83507410333333, 17.646176938333333], [105702, 53.835074145, 17.64617666], [105703, 53.83507436666667, 17.646176591666666], [105704, 53.835074446666674, 17.64617663], [105705, 53.835074548333324, 17.646176695], [105706, 53.835074481666666, 17.646176595], [105707, 53.835074623333334, 17.646176825], [105708, 53.835074858333336, 17.646176753333336], [105709, 53.835075001666674, 17.64617669833333], [105710, 53.83507510833333, 17.646176771666667], [105711, 53.835075139999994, 17.646176944999997], [105712, 53.83507530333333, 17.646176816666664], [105713, 53.83507534666666, 17.64617675], [105714, 53.835075408333324, 17.646176816666664], [105715, 53.83507542166667, 17.646176701666665], [105716, 53.835075503333336, 17.646176848333333], [105717, 53.83507548833333, 17.646176696666664], [105718, 53.83507558833333, 17.646176986666667], [105719, 53.83507561, 17.646176691666668]]
GPS3: [[105700, 53.83488776000001, 17.64628841333333], [105701, 53.83488733666666, 17.64629045], [105702, 53.83488694999999, 17.646292655], [105703, 53.83488663, 17.646295101666666], [105704, 53.834886059999995, 17.646297496666666], [105705, 53.834885328333336, 17.64629987], [105706, 53.83488451, 17.646301938333334], [105707, 53.83488370166666, 17.64630362833333], [105708, 53.834882920000005, 17.646305116666667], [105709, 53.834882175, 17.64630663], [105710, 53.83488140666667, 17.646308121666667], [105711, 53.83488059166666, 17.646309685000002], [105712, 53.83487990333333, 17.64631143], [105713, 53.83487921999999, 17.646313239999998], [105714, 53.83487854666667, 17.6463153], [105715, 53.83487784333333, 17.646317373333332], [105716, 53.83487709833333, 17.646319544999997], [105717, 53.83487635833333, 17.64632193], [105718, 53.83487554166666, 17.646324011666664], [105719, 53.83487469166666, 17.646325988333334]]
ref_lat:  53.835430845000005
ref_lon:  17.646610026666668
aeqd: +proj=aeqd +lat_0=53.835430845000005 +lon_0=17.646610026666668 +datum=WGS84 +units=m +no_defs +type=crs
fwd: proj=pipeline step proj=unitconvert xy_in=deg xy_out=rad step proj=aeqd lat_0=53.835430845 lon_0=17.6466100266667 x_0=0 y_0=0 ellps=WGS84
inv: proj=pipeline step inv proj=aeqd lat_0=53.835430845 lon_0=17.6466100266667 x_0=0 y_0=0 ellps=WGS84 step proj=unitconvert xy_in=rad xy_out=deg
after make_local_transformer
after H_coord
after tdoa_estimate_mode_6
C:\ProgramData\Anaconda3\envs\Console\Lib\site-packages\geopy\point.py:472: UserWarning: Latitude normalization has been prohibited in the newer versions of geopy, because the normalized value happened to be on a different pole, which is probably not what was meant. If you pass coordinates as positional args, please make sure that the order is (latitude, longitude) or (y, x) in Cartesian terms.
  return cls(*args)
after filter_est_track_by_radius
------------------------------------------------------------------------------------------
[Est_pos child] RUN OK: 20260511_194746_022799
[Est_pos child] Result length: 5
[Est_pos child] Output JSON: C:\Users\Dell\AppData\Local\Temp\zopbsp_estpos_f1th8tf5\estpos_result.json
==========================================================================================

[Est_pos parent] Run finished: 20260511_194746_022799
[Est_pos parent] Return code: 0
[Est_pos parent] JSON exists: True

[Est_pos parent] RUN OK: 20260511_194746_022799
[Est_pos parent] Result length: 5
----------------------------------------------------------------------------------------------------

----------------------------------------------------------------------------------------------------
[Est_pos parent] Starting run: 20260511_194756_960668
[Est_pos parent] Time: 2026-05-11 19:47:56.960668
[Est_pos parent] Command:
  C:\ProgramData\Anaconda3\envs\Console\python.exe -u -m Est_pos.estimate_pos_runner --out C:\Users\Dell\AppData\Local\Temp\zopbsp_estpos_apnszo1l\estpos_result.json --session-log logs\estpos_subprocess\estpos_session_20260511_194606.log --run-id 20260511_194756_960668 C:\Pi_loc\LA\RPI1\gps\GPS_RPI1_20251015_125730_Hydro_6673.txt C:\Pi_loc\LA\RPI2\gps\GPS_RPI2_20251015_125730_Hydro_6676.txt C:\Pi_loc\LA\RPI2\gps\GPS_RPI2_20251015_125730_Hydro_6676.txt C:\Pi_loc\LA\RPI1\streaming\RBW6673_20251015_125730.wav C:\Pi_loc\LA\RPI2\streaming\RBW6676_20251015_125730.wav C:\Pi_loc\LA\RPI3\streaming\RBW6675_20251015_125730.wav
[Est_pos parent] Working directory:
  C:\Code\ZOPBSP_Console
----------------------------------------------------------------------------------------------------

==========================================================================================
[Est_pos child] RUN START: 20260511_194756_960668
[Est_pos child] Time: 2026-05-11 19:47:57.211567
[Est_pos child] Input files:
  gps1: C:\Pi_loc\LA\RPI1\gps\GPS_RPI1_20251015_125730_Hydro_6673.txt
  gps2: C:\Pi_loc\LA\RPI2\gps\GPS_RPI2_20251015_125730_Hydro_6676.txt
  gps3: C:\Pi_loc\LA\RPI2\gps\GPS_RPI2_20251015_125730_Hydro_6676.txt
  wav1: C:\Pi_loc\LA\RPI1\streaming\RBW6673_20251015_125730.wav
  wav2: C:\Pi_loc\LA\RPI2\streaming\RBW6676_20251015_125730.wav
  wav3: C:\Pi_loc\LA\RPI3\streaming\RBW6675_20251015_125730.wav
------------------------------------------------------------------------------------------
after import data
after tdoa
GPS1: [[105730, 53.835427275, 17.646605415], [105731, 53.83542679166667, 17.646604963333335], [105732, 53.835426598333335, 17.646604733333334], [105733, 53.83542667166667, 17.646604453333335], [105734, 53.83542651833333, 17.646604175], [105735, 53.83542603666667, 17.646604255], [105736, 53.83542576833334, 17.64660416666667], [105737, 53.83542595166667, 17.646603698333333], [105738, 53.83542587499999, 17.646603103333334], [105739, 53.83542552000001, 17.646602708333333], [105740, 53.835425140000005, 17.646602961666666], [105741, 53.83542519666666, 17.646602816666665], [105742, 53.83542509000001, 17.646602729999998], [105743, 53.835424688333326, 17.646602511666668], [105744, 53.83542444, 17.646602393333335], [105745, 53.83542467, 17.64660212333333], [105746, 53.83542463166667, 17.646601886666666], [105747, 53.83542442333334, 17.646601708333332], [105748, 53.83542438833333, 17.646601675], [105749, 53.83542462333333, 17.64660146]]
GPS2: [[105730, 53.83507358333333, 17.646176311666668], [105731, 53.83507338833333, 17.646176246666666], [105732, 53.835073220000005, 17.64617616], [105733, 53.83507300833333, 17.646176219999997], [105734, 53.83507274, 17.64617593166667], [105735, 53.83507259833333, 17.64617615666667], [105736, 53.83507230333333, 17.64617601666667], [105737, 53.83507213166666, 17.646175966666664], [105738, 53.83507197000001, 17.64617571333333], [105739, 53.83507185333333, 17.646175768333332], [105740, 53.83507171833333, 17.646175728333333], [105741, 53.83507159333333, 17.64617570833333], [105742, 53.83507155166667, 17.646175695], [105743, 53.83507153000001, 17.646175633333332], [105744, 53.83507148833334, 17.646176004999997], [105745, 53.83507139833333, 17.64617573], [105746, 53.835071404999994, 17.646175925], [105747, 53.83507140666667, 17.64617559166667], [105748, 53.835071353333326, 17.64617592833333], [105749, 53.83507138, 17.64617580666667]]
GPS3: [[105730, 53.83507358333333, 17.646176311666668], [105731, 53.83507338833333, 17.646176246666666], [105732, 53.835073220000005, 17.64617616], [105733, 53.83507300833333, 17.646176219999997], [105734, 53.83507274, 17.64617593166667], [105735, 53.83507259833333, 17.64617615666667], [105736, 53.83507230333333, 17.64617601666667], [105737, 53.83507213166666, 17.646175966666664], [105738, 53.83507197000001, 17.64617571333333], [105739, 53.83507185333333, 17.646175768333332], [105740, 53.83507171833333, 17.646175728333333], [105741, 53.83507159333333, 17.64617570833333], [105742, 53.83507155166667, 17.646175695], [105743, 53.83507153000001, 17.646175633333332], [105744, 53.83507148833334, 17.646176004999997], [105745, 53.83507139833333, 17.64617573], [105746, 53.835071404999994, 17.646175925], [105747, 53.83507140666667, 17.64617559166667], [105748, 53.835071353333326, 17.64617592833333], [105749, 53.83507138, 17.64617580666667]]
ref_lat:  53.835427275
ref_lon:  17.646605415
aeqd: +proj=aeqd +lat_0=53.835427275 +lon_0=17.646605415 +datum=WGS84 +units=m +no_defs +type=crs
fwd: proj=pipeline step proj=unitconvert xy_in=deg xy_out=rad step proj=aeqd lat_0=53.835427275 lon_0=17.646605415 x_0=0 y_0=0 ellps=WGS84
inv: proj=pipeline step inv proj=aeqd lat_0=53.835427275 lon_0=17.646605415 x_0=0 y_0=0 ellps=WGS84 step proj=unitconvert xy_in=rad xy_out=deg
after make_local_transformer
after H_coord
after tdoa_estimate_mode_6
after filter_est_track_by_radius
------------------------------------------------------------------------------------------
[Est_pos child] RUN OK: 20260511_194756_960668
[Est_pos child] Result length: 20
[Est_pos child] Output JSON: C:\Users\Dell\AppData\Local\Temp\zopbsp_estpos_apnszo1l\estpos_result.json
==========================================================================================

[Est_pos parent] Run finished: 20260511_194756_960668
[Est_pos parent] Return code: 0
[Est_pos parent] JSON exists: True

[Est_pos parent] RUN OK: 20260511_194756_960668
[Est_pos parent] Result length: 20
----------------------------------------------------------------------------------------------------

----------------------------------------------------------------------------------------------------
[Est_pos parent] Starting run: 20260511_194808_723759
[Est_pos parent] Time: 2026-05-11 19:48:08.725772
[Est_pos parent] Command:
  C:\ProgramData\Anaconda3\envs\Console\python.exe -u -m Est_pos.estimate_pos_runner --out C:\Users\Dell\AppData\Local\Temp\zopbsp_estpos_i5h11p1q\estpos_result.json --session-log logs\estpos_subprocess\estpos_session_20260511_194606.log --run-id 20260511_194808_723759 C:\Pi_loc\LA\RPI1\gps\GPS_RPI1_20251015_125730_Hydro_6673.txt C:\Pi_loc\LA\RPI2\gps\GPS_RPI2_20251015_125730_Hydro_6676.txt C:\Pi_loc\LA\RPI3\gps\GPS_RPI3_20251015_125730_Hydro_6675.txt C:\Pi_loc\LA\RPI1\streaming\RBW6673_20251015_125730.wav C:\Pi_loc\LA\RPI2\streaming\RBW6676_20251015_125730.wav C:\Pi_loc\LA\RPI3\streaming\RBW6675_20251015_125730.wav
[Est_pos parent] Working directory:
  C:\Code\ZOPBSP_Console
----------------------------------------------------------------------------------------------------

==========================================================================================
[Est_pos child] RUN START: 20260511_194808_723759
[Est_pos child] Time: 2026-05-11 19:48:08.980062
[Est_pos child] Input files:
  gps1: C:\Pi_loc\LA\RPI1\gps\GPS_RPI1_20251015_125730_Hydro_6673.txt
  gps2: C:\Pi_loc\LA\RPI2\gps\GPS_RPI2_20251015_125730_Hydro_6676.txt
  gps3: C:\Pi_loc\LA\RPI3\gps\GPS_RPI3_20251015_125730_Hydro_6675.txt
  wav1: C:\Pi_loc\LA\RPI1\streaming\RBW6673_20251015_125730.wav
  wav2: C:\Pi_loc\LA\RPI2\streaming\RBW6676_20251015_125730.wav
  wav3: C:\Pi_loc\LA\RPI3\streaming\RBW6675_20251015_125730.wav
------------------------------------------------------------------------------------------
after import data
after tdoa
GPS1: [[105730, 53.835427275, 17.646605415], [105731, 53.83542679166667, 17.646604963333335], [105732, 53.835426598333335, 17.646604733333334], [105733, 53.83542667166667, 17.646604453333335], [105734, 53.83542651833333, 17.646604175], [105735, 53.83542603666667, 17.646604255], [105736, 53.83542576833334, 17.64660416666667], [105737, 53.83542595166667, 17.646603698333333], [105738, 53.83542587499999, 17.646603103333334], [105739, 53.83542552000001, 17.646602708333333], [105740, 53.835425140000005, 17.646602961666666], [105741, 53.83542519666666, 17.646602816666665], [105742, 53.83542509000001, 17.646602729999998], [105743, 53.835424688333326, 17.646602511666668], [105744, 53.83542444, 17.646602393333335], [105745, 53.83542467, 17.64660212333333], [105746, 53.83542463166667, 17.646601886666666], [105747, 53.83542442333334, 17.646601708333332], [105748, 53.83542438833333, 17.646601675], [105749, 53.83542462333333, 17.64660146]]
GPS2: [[105730, 53.83507358333333, 17.646176311666668], [105731, 53.83507338833333, 17.646176246666666], [105732, 53.835073220000005, 17.64617616], [105733, 53.83507300833333, 17.646176219999997], [105734, 53.83507274, 17.64617593166667], [105735, 53.83507259833333, 17.64617615666667], [105736, 53.83507230333333, 17.64617601666667], [105737, 53.83507213166666, 17.646175966666664], [105738, 53.83507197000001, 17.64617571333333], [105739, 53.83507185333333, 17.646175768333332], [105740, 53.83507171833333, 17.646175728333333], [105741, 53.83507159333333, 17.64617570833333], [105742, 53.83507155166667, 17.646175695], [105743, 53.83507153000001, 17.646175633333332], [105744, 53.83507148833334, 17.646176004999997], [105745, 53.83507139833333, 17.64617573], [105746, 53.835071404999994, 17.646175925], [105747, 53.83507140666667, 17.64617559166667], [105748, 53.835071353333326, 17.64617592833333], [105749, 53.83507138, 17.64617580666667]]
GPS3: [[105730, 53.834866518333335, 17.646344996666667], [105731, 53.83486592333334, 17.646347043333332], [105732, 53.83486525166666, 17.646349223333335], [105733, 53.83486443166667, 17.646351453333335], [105734, 53.834863584999994, 17.646353625], [105735, 53.83486277, 17.646355616666664], [105736, 53.83486194333333, 17.64635764166667], [105737, 53.83486119833333, 17.646359753333336], [105738, 53.83486044166666, 17.646361786666667], [105739, 53.83485980166667, 17.646363845], [105740, 53.834859115, 17.646365618333334], [105741, 53.83485841499999, 17.646367328333334], [105742, 53.83485766833334, 17.646369040000003], [105743, 53.83485684666666, 17.646370866666665], [105744, 53.83485599000001, 17.646372643333333], [105745, 53.83485520666667, 17.646374488333333], [105746, 53.83485446166666, 17.646376406666665], [105747, 53.834853691666666, 17.64637847], [105748, 53.834852858333335, 17.646380521666668], [105749, 53.834852185, 17.646382656666667]]
ref_lat:  53.835427275
ref_lon:  17.646605415
aeqd: +proj=aeqd +lat_0=53.835427275 +lon_0=17.646605415 +datum=WGS84 +units=m +no_defs +type=crs
fwd: proj=pipeline step proj=unitconvert xy_in=deg xy_out=rad step proj=aeqd lat_0=53.835427275 lon_0=17.646605415 x_0=0 y_0=0 ellps=WGS84
inv: proj=pipeline step inv proj=aeqd lat_0=53.835427275 lon_0=17.646605415 x_0=0 y_0=0 ellps=WGS84 step proj=unitconvert xy_in=rad xy_out=deg
after make_local_transformer
after H_coord
after tdoa_estimate_mode_6
after filter_est_track_by_radius
------------------------------------------------------------------------------------------
[Est_pos child] RUN OK: 20260511_194808_723759
[Est_pos child] Result length: 7
[Est_pos child] Output JSON: C:\Users\Dell\AppData\Local\Temp\zopbsp_estpos_i5h11p1q\estpos_result.json
==========================================================================================

[Est_pos parent] Run finished: 20260511_194808_723759
[Est_pos parent] Return code: 0
[Est_pos parent] JSON exists: True

[Est_pos parent] RUN OK: 20260511_194808_723759
[Est_pos parent] Result length: 7
----------------------------------------------------------------------------------------------------

----------------------------------------------------------------------------------------------------
[Est_pos parent] Starting run: 20260511_194820_016855
[Est_pos parent] Time: 2026-05-11 19:48:20.016855
[Est_pos parent] Command:
  C:\ProgramData\Anaconda3\envs\Console\python.exe -u -m Est_pos.estimate_pos_runner --out C:\Users\Dell\AppData\Local\Temp\zopbsp_estpos_5tkiupv8\estpos_result.json --session-log logs\estpos_subprocess\estpos_session_20260511_194606.log --run-id 20260511_194820_016855 C:\Pi_loc\LA\RPI1\gps\GPS_RPI1_20251015_125800_Hydro_6673.txt C:\Pi_loc\LA\RPI2\gps\GPS_RPI2_20251015_125800_Hydro_6676.txt C:\Pi_loc\LA\RPI2\gps\GPS_RPI2_20251015_125800_Hydro_6676.txt C:\Pi_loc\LA\RPI1\streaming\RBW6673_20251015_125800.wav C:\Pi_loc\LA\RPI2\streaming\RBW6676_20251015_125800.wav C:\Pi_loc\LA\RPI3\streaming\RBW6675_20251015_125800.wav
[Est_pos parent] Working directory:
  C:\Code\ZOPBSP_Console
----------------------------------------------------------------------------------------------------

==========================================================================================
[Est_pos child] RUN START: 20260511_194820_016855
[Est_pos child] Time: 2026-05-11 19:48:20.262778
[Est_pos child] Input files:
  gps1: C:\Pi_loc\LA\RPI1\gps\GPS_RPI1_20251015_125800_Hydro_6673.txt
  gps2: C:\Pi_loc\LA\RPI2\gps\GPS_RPI2_20251015_125800_Hydro_6676.txt
  gps3: C:\Pi_loc\LA\RPI2\gps\GPS_RPI2_20251015_125800_Hydro_6676.txt
  wav1: C:\Pi_loc\LA\RPI1\streaming\RBW6673_20251015_125800.wav
  wav2: C:\Pi_loc\LA\RPI2\streaming\RBW6676_20251015_125800.wav
  wav3: C:\Pi_loc\LA\RPI3\streaming\RBW6675_20251015_125800.wav
------------------------------------------------------------------------------------------
after import data
after tdoa
GPS1: [[105800, 53.835424505000006, 17.646601773333334], [105801, 53.835424720000006, 17.646601765], [105802, 53.835423774999995, 17.64660158666667], [105803, 53.83542207333333, 17.646603105], [105804, 53.835422006666676, 17.646602788333333], [105805, 53.83542166, 17.64660244], [105806, 53.835421136666675, 17.646602093333335], [105807, 53.83542096666667, 17.646602095], [105808, 53.83542148666667, 17.646602211666668], [105809, 53.835422528333325, 17.646601991666667], [105810, 53.83542309833333, 17.646601721666666], [105811, 53.835422914999995, 17.646601468333333], [105812, 53.83542272166666, 17.646601203333333], [105813, 53.835422646666665, 17.646600835], [105814, 53.835422771666664, 17.646600625], [105815, 53.835422718333334, 17.646600990000003], [105816, 53.835422575, 17.646600560000003], [105817, 53.835422533333336, 17.646599963333333], [105818, 53.83542242833334, 17.646600011666667], [105819, 53.835421785, 17.64660019833333]]
GPS2: [[105800, 53.835071570000004, 17.646175878333334], [105801, 53.83507149166667, 17.64617582], [105802, 53.83507105, 17.646175253333336], [105803, 53.835070888333334, 17.64617506], [105804, 53.83507080333334, 17.64617464333333], [105805, 53.83507057666667, 17.646174719999998], [105806, 53.83507047, 17.646174503333334], [105807, 53.83507033833333, 17.646174645], [105808, 53.83507031166667, 17.646174648333332], [105809, 53.83507042333334, 17.646174801666668], [105810, 53.835070493333326, 17.646174771666665], [105811, 53.83507058166666, 17.646175013333334], [105812, 53.835070703333336, 17.646174896666665], [105813, 53.83507083333334, 17.64617483833333], [105814, 53.83507092666667, 17.646174883333334], [105815, 53.835070984999994, 17.646175014999997], [105816, 53.83507107833334, 17.646175108333335], [105817, 53.83507108833334, 17.646175066666668], [105818, 53.83507095, 17.646174916666666], [105819, 53.83507084833333, 17.646174976666668]]
GPS3: [[105800, 53.835071570000004, 17.646175878333334], [105801, 53.83507149166667, 17.64617582], [105802, 53.83507105, 17.646175253333336], [105803, 53.835070888333334, 17.64617506], [105804, 53.83507080333334, 17.64617464333333], [105805, 53.83507057666667, 17.646174719999998], [105806, 53.83507047, 17.646174503333334], [105807, 53.83507033833333, 17.646174645], [105808, 53.83507031166667, 17.646174648333332], [105809, 53.83507042333334, 17.646174801666668], [105810, 53.835070493333326, 17.646174771666665], [105811, 53.83507058166666, 17.646175013333334], [105812, 53.835070703333336, 17.646174896666665], [105813, 53.83507083333334, 17.64617483833333], [105814, 53.83507092666667, 17.646174883333334], [105815, 53.835070984999994, 17.646175014999997], [105816, 53.83507107833334, 17.646175108333335], [105817, 53.83507108833334, 17.646175066666668], [105818, 53.83507095, 17.646174916666666], [105819, 53.83507084833333, 17.646174976666668]]
ref_lat:  53.835424505000006
ref_lon:  17.646601773333334
aeqd: +proj=aeqd +lat_0=53.835424505000006 +lon_0=17.646601773333334 +datum=WGS84 +units=m +no_defs +type=crs
fwd: proj=pipeline step proj=unitconvert xy_in=deg xy_out=rad step proj=aeqd lat_0=53.835424505 lon_0=17.6466017733333 x_0=0 y_0=0 ellps=WGS84
inv: proj=pipeline step inv proj=aeqd lat_0=53.835424505 lon_0=17.6466017733333 x_0=0 y_0=0 ellps=WGS84 step proj=unitconvert xy_in=rad xy_out=deg
after make_local_transformer
after H_coord
after tdoa_estimate_mode_6
after filter_est_track_by_radius
------------------------------------------------------------------------------------------
[Est_pos child] RUN OK: 20260511_194820_016855
[Est_pos child] Result length: 20
[Est_pos child] Output JSON: C:\Users\Dell\AppData\Local\Temp\zopbsp_estpos_5tkiupv8\estpos_result.json
==========================================================================================

[Est_pos parent] Run finished: 20260511_194820_016855
[Est_pos parent] Return code: 0
[Est_pos parent] JSON exists: True

[Est_pos parent] RUN OK: 20260511_194820_016855
[Est_pos parent] Result length: 20
----------------------------------------------------------------------------------------------------

----------------------------------------------------------------------------------------------------
[Est_pos parent] Starting run: 20260511_194831_368637
[Est_pos parent] Time: 2026-05-11 19:48:31.370643
[Est_pos parent] Command:
  C:\ProgramData\Anaconda3\envs\Console\python.exe -u -m Est_pos.estimate_pos_runner --out C:\Users\Dell\AppData\Local\Temp\zopbsp_estpos_6eik58u8\estpos_result.json --session-log logs\estpos_subprocess\estpos_session_20260511_194606.log --run-id 20260511_194831_368637 C:\Pi_loc\LA\RPI1\gps\GPS_RPI1_20251015_125800_Hydro_6673.txt C:\Pi_loc\LA\RPI2\gps\GPS_RPI2_20251015_125800_Hydro_6676.txt C:\Pi_loc\LA\RPI3\gps\GPS_RPI3_20251015_125800_Hydro_6675.txt C:\Pi_loc\LA\RPI1\streaming\RBW6673_20251015_125800.wav C:\Pi_loc\LA\RPI2\streaming\RBW6676_20251015_125800.wav C:\Pi_loc\LA\RPI3\streaming\RBW6675_20251015_125800.wav
[Est_pos parent] Working directory:
  C:\Code\ZOPBSP_Console
----------------------------------------------------------------------------------------------------

==========================================================================================
[Est_pos child] RUN START: 20260511_194831_368637
[Est_pos child] Time: 2026-05-11 19:48:31.613710
[Est_pos child] Input files:
  gps1: C:\Pi_loc\LA\RPI1\gps\GPS_RPI1_20251015_125800_Hydro_6673.txt
  gps2: C:\Pi_loc\LA\RPI2\gps\GPS_RPI2_20251015_125800_Hydro_6676.txt
  gps3: C:\Pi_loc\LA\RPI3\gps\GPS_RPI3_20251015_125800_Hydro_6675.txt
  wav1: C:\Pi_loc\LA\RPI1\streaming\RBW6673_20251015_125800.wav
  wav2: C:\Pi_loc\LA\RPI2\streaming\RBW6676_20251015_125800.wav
  wav3: C:\Pi_loc\LA\RPI3\streaming\RBW6675_20251015_125800.wav
------------------------------------------------------------------------------------------
after import data
after tdoa
GPS1: [[105800, 53.835424505000006, 17.646601773333334], [105801, 53.835424720000006, 17.646601765], [105802, 53.835423774999995, 17.64660158666667], [105803, 53.83542207333333, 17.646603105], [105804, 53.835422006666676, 17.646602788333333], [105805, 53.83542166, 17.64660244], [105806, 53.835421136666675, 17.646602093333335], [105807, 53.83542096666667, 17.646602095], [105808, 53.83542148666667, 17.646602211666668], [105809, 53.835422528333325, 17.646601991666667], [105810, 53.83542309833333, 17.646601721666666], [105811, 53.835422914999995, 17.646601468333333], [105812, 53.83542272166666, 17.646601203333333], [105813, 53.835422646666665, 17.646600835], [105814, 53.835422771666664, 17.646600625], [105815, 53.835422718333334, 17.646600990000003], [105816, 53.835422575, 17.646600560000003], [105817, 53.835422533333336, 17.646599963333333], [105818, 53.83542242833334, 17.646600011666667], [105819, 53.835421785, 17.64660019833333]]
GPS2: [[105800, 53.835071570000004, 17.646175878333334], [105801, 53.83507149166667, 17.64617582], [105802, 53.83507105, 17.646175253333336], [105803, 53.835070888333334, 17.64617506], [105804, 53.83507080333334, 17.64617464333333], [105805, 53.83507057666667, 17.646174719999998], [105806, 53.83507047, 17.646174503333334], [105807, 53.83507033833333, 17.646174645], [105808, 53.83507031166667, 17.646174648333332], [105809, 53.83507042333334, 17.646174801666668], [105810, 53.835070493333326, 17.646174771666665], [105811, 53.83507058166666, 17.646175013333334], [105812, 53.835070703333336, 17.646174896666665], [105813, 53.83507083333334, 17.64617483833333], [105814, 53.83507092666667, 17.646174883333334], [105815, 53.835070984999994, 17.646175014999997], [105816, 53.83507107833334, 17.646175108333335], [105817, 53.83507108833334, 17.646175066666668], [105818, 53.83507095, 17.646174916666666], [105819, 53.83507084833333, 17.646174976666668]]
GPS3: [[105800, 53.83484914333334, 17.646401165], [105801, 53.83484863499999, 17.646402771666665], [105802, 53.83484568000001, 17.64640392], [105803, 53.834844541666676, 17.646405173333335], [105804, 53.83484373833333, 17.64640659166667], [105805, 53.83484294333333, 17.646407991666667], [105806, 53.834842045, 17.646409053333333], [105807, 53.834841101666676, 17.64640982], [105808, 53.83484022333334, 17.646410718333335], [105809, 53.83483937999999, 17.646411876666665], [105810, 53.83483859166666, 17.646413276666667], [105811, 53.83483798166667, 17.646414736666667], [105812, 53.83483726166667, 17.64641612333333], [105813, 53.8348365, 17.646417703333334], [105814, 53.834835821666665, 17.646419236666667], [105815, 53.83483503166667, 17.646420648333333], [105816, 53.834834298333334, 17.646421938333333], [105817, 53.83483356499999, 17.646423235], [105818, 53.83483283333333, 17.646424556666666], [105819, 53.834832178333336, 17.64642584]]
ref_lat:  53.835424505000006
ref_lon:  17.646601773333334
aeqd: +proj=aeqd +lat_0=53.835424505000006 +lon_0=17.646601773333334 +datum=WGS84 +units=m +no_defs +type=crs
fwd: proj=pipeline step proj=unitconvert xy_in=deg xy_out=rad step proj=aeqd lat_0=53.835424505 lon_0=17.6466017733333 x_0=0 y_0=0 ellps=WGS84
inv: proj=pipeline step inv proj=aeqd lat_0=53.835424505 lon_0=17.6466017733333 x_0=0 y_0=0 ellps=WGS84 step proj=unitconvert xy_in=rad xy_out=deg
after make_local_transformer
after H_coord
after tdoa_estimate_mode_6
after filter_est_track_by_radius
------------------------------------------------------------------------------------------
[Est_pos child] RUN OK: 20260511_194831_368637
[Est_pos child] Result length: 20
[Est_pos child] Output JSON: C:\Users\Dell\AppData\Local\Temp\zopbsp_estpos_6eik58u8\estpos_result.json
==========================================================================================

[Est_pos parent] Run finished: 20260511_194831_368637
[Est_pos parent] Return code: 0
[Est_pos parent] JSON exists: True

[Est_pos parent] RUN OK: 20260511_194831_368637
[Est_pos parent] Result length: 20
----------------------------------------------------------------------------------------------------
