
####################################################################################################
# EST_POS SESSION START
# Session ID : 20260511_160825
# Log file   : C:\Code\ZOPBSP_Console\logs\estpos_subprocess\estpos_session_20260511_160825.log
# Python     : C:\ProgramData\Anaconda3\envs\Console\python.exe
# Started    : 2026-05-11 16:08:39.003478
####################################################################################################

----------------------------------------------------------------------------------------------------
[Est_pos parent] Starting run: 20260511_161013_084511
[Est_pos parent] Time: 2026-05-11 16:10:13.084511
[Est_pos parent] Command:
  C:\ProgramData\Anaconda3\envs\Console\python.exe -u -m Est_pos.estimate_pos_runner --out C:\Users\Dell\AppData\Local\Temp\zopbsp_estpos_4vfjja3w\estpos_result.json --session-log logs\estpos_subprocess\estpos_session_20260511_160825.log --run-id 20260511_161013_084511 C:\Pi_loc\LA\RPI1\gps\GPS_RPI1_20251015_125600_Hydro_6673.txt C:\Pi_loc\LA\RPI2\gps\GPS_RPI2_20251015_125600_Hydro_6676.txt C:\Pi_loc\LA\RPI2\gps\GPS_RPI2_20251015_125600_Hydro_6676.txt C:\Pi_loc\LA\RPI1\streaming\RBW6673_20251015_125600.wav C:\Pi_loc\LA\RPI2\streaming\RBW6676_20251015_125600.wav C:\Pi_loc\LA\RPI3\streaming\RBW6675_20251015_125600.wav
[Est_pos parent] Working directory:
  C:\Code\ZOPBSP_Console
----------------------------------------------------------------------------------------------------

==========================================================================================
[Est_pos child] RUN START: 20260511_161013_084511
[Est_pos child] Time: 2026-05-11 16:10:13.243759
[Est_pos child] Input files:
  gps1: C:\Pi_loc\LA\RPI1\gps\GPS_RPI1_20251015_125600_Hydro_6673.txt
  gps2: C:\Pi_loc\LA\RPI2\gps\GPS_RPI2_20251015_125600_Hydro_6676.txt
  gps3: C:\Pi_loc\LA\RPI2\gps\GPS_RPI2_20251015_125600_Hydro_6676.txt
  wav1: C:\Pi_loc\LA\RPI1\streaming\RBW6673_20251015_125600.wav
  wav2: C:\Pi_loc\LA\RPI2\streaming\RBW6676_20251015_125600.wav
  wav3: C:\Pi_loc\LA\RPI3\streaming\RBW6675_20251015_125600.wav
------------------------------------------------------------------------------------------
------------------------------------------------------------------------------------------
[Est_pos child] RUN FAILED: 20260511_161013_084511
[Est_pos child] Error: ModuleNotFoundError("No module named 'geopy'")
[Est_pos child] Traceback:
Traceback (most recent call last):
  File "C:\Code\ZOPBSP_Console\Est_pos\estimate_pos_runner.py", line 118, in main
    from Est_pos.Estimator_pos import estimate_pos
  File "C:\Code\ZOPBSP_Console\Est_pos\Estimator_pos.py", line 6, in <module>
    from geopy.distance import geodesic
ModuleNotFoundError: No module named 'geopy'

==========================================================================================

[Est_pos parent] Run finished: 20260511_161013_084511
[Est_pos parent] Return code: 1
[Est_pos parent] JSON exists: True

[Est_pos parent] PYTHON FAILURE IN CHILD: 20260511_161013_084511
[Est_pos parent] Error: ModuleNotFoundError("No module named 'geopy'")
[Est_pos parent] Traceback:
Traceback (most recent call last):
  File "C:\Code\ZOPBSP_Console\Est_pos\estimate_pos_runner.py", line 118, in main
    from Est_pos.Estimator_pos import estimate_pos
  File "C:\Code\ZOPBSP_Console\Est_pos\Estimator_pos.py", line 6, in <module>
    from geopy.distance import geodesic
ModuleNotFoundError: No module named 'geopy'

----------------------------------------------------------------------------------------------------

----------------------------------------------------------------------------------------------------
[Est_pos parent] Starting run: 20260511_161013_310291
[Est_pos parent] Time: 2026-05-11 16:10:13.326181
[Est_pos parent] Command:
  C:\ProgramData\Anaconda3\envs\Console\python.exe -u -m Est_pos.estimate_pos_runner --out C:\Users\Dell\AppData\Local\Temp\zopbsp_estpos_mot7v5gj\estpos_result.json --session-log logs\estpos_subprocess\estpos_session_20260511_160825.log --run-id 20260511_161013_310291 C:\Pi_loc\LA\RPI1\gps\GPS_RPI1_20251015_125630_Hydro_6673.txt C:\Pi_loc\LA\RPI2\gps\GPS_RPI2_20251015_125630_Hydro_6676.txt C:\Pi_loc\LA\RPI2\gps\GPS_RPI2_20251015_125630_Hydro_6676.txt C:\Pi_loc\LA\RPI1\streaming\RBW6673_20251015_125630.wav C:\Pi_loc\LA\RPI2\streaming\RBW6676_20251015_125630.wav C:\Pi_loc\LA\RPI3\streaming\RBW6675_20251015_125630.wav
[Est_pos parent] Working directory:
  C:\Code\ZOPBSP_Console
----------------------------------------------------------------------------------------------------

==========================================================================================
[Est_pos child] RUN START: 20260511_161013_310291
[Est_pos child] Time: 2026-05-11 16:10:13.425568
[Est_pos child] Input files:
  gps1: C:\Pi_loc\LA\RPI1\gps\GPS_RPI1_20251015_125630_Hydro_6673.txt
  gps2: C:\Pi_loc\LA\RPI2\gps\GPS_RPI2_20251015_125630_Hydro_6676.txt
  gps3: C:\Pi_loc\LA\RPI2\gps\GPS_RPI2_20251015_125630_Hydro_6676.txt
  wav1: C:\Pi_loc\LA\RPI1\streaming\RBW6673_20251015_125630.wav
  wav2: C:\Pi_loc\LA\RPI2\streaming\RBW6676_20251015_125630.wav
  wav3: C:\Pi_loc\LA\RPI3\streaming\RBW6675_20251015_125630.wav
------------------------------------------------------------------------------------------
------------------------------------------------------------------------------------------
[Est_pos child] RUN FAILED: 20260511_161013_310291
[Est_pos child] Error: ModuleNotFoundError("No module named 'geopy'")
[Est_pos child] Traceback:
Traceback (most recent call last):
  File "C:\Code\ZOPBSP_Console\Est_pos\estimate_pos_runner.py", line 118, in main
    from Est_pos.Estimator_pos import estimate_pos
  File "C:\Code\ZOPBSP_Console\Est_pos\Estimator_pos.py", line 6, in <module>
    from geopy.distance import geodesic
ModuleNotFoundError: No module named 'geopy'

==========================================================================================

[Est_pos parent] Run finished: 20260511_161013_310291
[Est_pos parent] Return code: 1
[Est_pos parent] JSON exists: True

[Est_pos parent] PYTHON FAILURE IN CHILD: 20260511_161013_310291
[Est_pos parent] Error: ModuleNotFoundError("No module named 'geopy'")
[Est_pos parent] Traceback:
Traceback (most recent call last):
  File "C:\Code\ZOPBSP_Console\Est_pos\estimate_pos_runner.py", line 118, in main
    from Est_pos.Estimator_pos import estimate_pos
  File "C:\Code\ZOPBSP_Console\Est_pos\Estimator_pos.py", line 6, in <module>
    from geopy.distance import geodesic
ModuleNotFoundError: No module named 'geopy'

----------------------------------------------------------------------------------------------------

----------------------------------------------------------------------------------------------------
[Est_pos parent] Starting run: 20260511_161013_493216
[Est_pos parent] Time: 2026-05-11 16:10:13.498885
[Est_pos parent] Command:
  C:\ProgramData\Anaconda3\envs\Console\python.exe -u -m Est_pos.estimate_pos_runner --out C:\Users\Dell\AppData\Local\Temp\zopbsp_estpos_xdgln24s\estpos_result.json --session-log logs\estpos_subprocess\estpos_session_20260511_160825.log --run-id 20260511_161013_493216 C:\Pi_loc\LA\RPI1\gps\GPS_RPI1_20251015_125700_Hydro_6673.txt C:\Pi_loc\LA\RPI2\gps\GPS_RPI2_20251015_125700_Hydro_6676.txt C:\Pi_loc\LA\RPI2\gps\GPS_RPI2_20251015_125700_Hydro_6676.txt C:\Pi_loc\LA\RPI1\streaming\RBW6673_20251015_125700.wav C:\Pi_loc\LA\RPI2\streaming\RBW6676_20251015_125700.wav C:\Pi_loc\LA\RPI3\streaming\RBW6675_20251015_125700.wav
[Est_pos parent] Working directory:
  C:\Code\ZOPBSP_Console
----------------------------------------------------------------------------------------------------

==========================================================================================
[Est_pos child] RUN START: 20260511_161013_493216
[Est_pos child] Time: 2026-05-11 16:10:13.595812
[Est_pos child] Input files:
  gps1: C:\Pi_loc\LA\RPI1\gps\GPS_RPI1_20251015_125700_Hydro_6673.txt
  gps2: C:\Pi_loc\LA\RPI2\gps\GPS_RPI2_20251015_125700_Hydro_6676.txt
  gps3: C:\Pi_loc\LA\RPI2\gps\GPS_RPI2_20251015_125700_Hydro_6676.txt
  wav1: C:\Pi_loc\LA\RPI1\streaming\RBW6673_20251015_125700.wav
  wav2: C:\Pi_loc\LA\RPI2\streaming\RBW6676_20251015_125700.wav
  wav3: C:\Pi_loc\LA\RPI3\streaming\RBW6675_20251015_125700.wav
------------------------------------------------------------------------------------------
------------------------------------------------------------------------------------------
[Est_pos child] RUN FAILED: 20260511_161013_493216
[Est_pos child] Error: ModuleNotFoundError("No module named 'geopy'")
[Est_pos child] Traceback:
Traceback (most recent call last):
  File "C:\Code\ZOPBSP_Console\Est_pos\estimate_pos_runner.py", line 118, in main
    from Est_pos.Estimator_pos import estimate_pos
  File "C:\Code\ZOPBSP_Console\Est_pos\Estimator_pos.py", line 6, in <module>
    from geopy.distance import geodesic
ModuleNotFoundError: No module named 'geopy'

==========================================================================================

[Est_pos parent] Run finished: 20260511_161013_493216
[Est_pos parent] Return code: 1
[Est_pos parent] JSON exists: True

[Est_pos parent] PYTHON FAILURE IN CHILD: 20260511_161013_493216
[Est_pos parent] Error: ModuleNotFoundError("No module named 'geopy'")
[Est_pos parent] Traceback:
Traceback (most recent call last):
  File "C:\Code\ZOPBSP_Console\Est_pos\estimate_pos_runner.py", line 118, in main
    from Est_pos.Estimator_pos import estimate_pos
  File "C:\Code\ZOPBSP_Console\Est_pos\Estimator_pos.py", line 6, in <module>
    from geopy.distance import geodesic
ModuleNotFoundError: No module named 'geopy'

----------------------------------------------------------------------------------------------------

----------------------------------------------------------------------------------------------------
[Est_pos parent] Starting run: 20260511_161013_659089
[Est_pos parent] Time: 2026-05-11 16:10:13.659089
[Est_pos parent] Command:
  C:\ProgramData\Anaconda3\envs\Console\python.exe -u -m Est_pos.estimate_pos_runner --out C:\Users\Dell\AppData\Local\Temp\zopbsp_estpos_i6sb5jog\estpos_result.json --session-log logs\estpos_subprocess\estpos_session_20260511_160825.log --run-id 20260511_161013_659089 C:\Pi_loc\LA\RPI1\gps\GPS_RPI1_20251015_125730_Hydro_6673.txt C:\Pi_loc\LA\RPI2\gps\GPS_RPI2_20251015_125730_Hydro_6676.txt C:\Pi_loc\LA\RPI2\gps\GPS_RPI2_20251015_125730_Hydro_6676.txt C:\Pi_loc\LA\RPI1\streaming\RBW6673_20251015_125730.wav C:\Pi_loc\LA\RPI2\streaming\RBW6676_20251015_125730.wav C:\Pi_loc\LA\RPI3\streaming\RBW6675_20251015_125730.wav
[Est_pos parent] Working directory:
  C:\Code\ZOPBSP_Console
----------------------------------------------------------------------------------------------------

==========================================================================================
[Est_pos child] RUN START: 20260511_161013_659089
[Est_pos child] Time: 2026-05-11 16:10:13.762317
[Est_pos child] Input files:
  gps1: C:\Pi_loc\LA\RPI1\gps\GPS_RPI1_20251015_125730_Hydro_6673.txt
  gps2: C:\Pi_loc\LA\RPI2\gps\GPS_RPI2_20251015_125730_Hydro_6676.txt
  gps3: C:\Pi_loc\LA\RPI2\gps\GPS_RPI2_20251015_125730_Hydro_6676.txt
  wav1: C:\Pi_loc\LA\RPI1\streaming\RBW6673_20251015_125730.wav
  wav2: C:\Pi_loc\LA\RPI2\streaming\RBW6676_20251015_125730.wav
  wav3: C:\Pi_loc\LA\RPI3\streaming\RBW6675_20251015_125730.wav
------------------------------------------------------------------------------------------
------------------------------------------------------------------------------------------
[Est_pos child] RUN FAILED: 20260511_161013_659089
[Est_pos child] Error: ModuleNotFoundError("No module named 'geopy'")
[Est_pos child] Traceback:
Traceback (most recent call last):
  File "C:\Code\ZOPBSP_Console\Est_pos\estimate_pos_runner.py", line 118, in main
    from Est_pos.Estimator_pos import estimate_pos
  File "C:\Code\ZOPBSP_Console\Est_pos\Estimator_pos.py", line 6, in <module>
    from geopy.distance import geodesic
ModuleNotFoundError: No module named 'geopy'

==========================================================================================

[Est_pos parent] Run finished: 20260511_161013_659089
[Est_pos parent] Return code: 1
[Est_pos parent] JSON exists: True

[Est_pos parent] PYTHON FAILURE IN CHILD: 20260511_161013_659089
[Est_pos parent] Error: ModuleNotFoundError("No module named 'geopy'")
[Est_pos parent] Traceback:
Traceback (most recent call last):
  File "C:\Code\ZOPBSP_Console\Est_pos\estimate_pos_runner.py", line 118, in main
    from Est_pos.Estimator_pos import estimate_pos
  File "C:\Code\ZOPBSP_Console\Est_pos\Estimator_pos.py", line 6, in <module>
    from geopy.distance import geodesic
ModuleNotFoundError: No module named 'geopy'

----------------------------------------------------------------------------------------------------

----------------------------------------------------------------------------------------------------
[Est_pos parent] Starting run: 20260511_161013_842629
[Est_pos parent] Time: 2026-05-11 16:10:13.844638
[Est_pos parent] Command:
  C:\ProgramData\Anaconda3\envs\Console\python.exe -u -m Est_pos.estimate_pos_runner --out C:\Users\Dell\AppData\Local\Temp\zopbsp_estpos_zt1ysnuw\estpos_result.json --session-log logs\estpos_subprocess\estpos_session_20260511_160825.log --run-id 20260511_161013_842629 C:\Pi_loc\LA\RPI1\gps\GPS_RPI1_20251015_125800_Hydro_6673.txt C:\Pi_loc\LA\RPI2\gps\GPS_RPI2_20251015_125800_Hydro_6676.txt C:\Pi_loc\LA\RPI2\gps\GPS_RPI2_20251015_125800_Hydro_6676.txt C:\Pi_loc\LA\RPI1\streaming\RBW6673_20251015_125800.wav C:\Pi_loc\LA\RPI2\streaming\RBW6676_20251015_125800.wav C:\Pi_loc\LA\RPI3\streaming\RBW6675_20251015_125800.wav
[Est_pos parent] Working directory:
  C:\Code\ZOPBSP_Console
----------------------------------------------------------------------------------------------------

==========================================================================================
[Est_pos child] RUN START: 20260511_161013_842629
[Est_pos child] Time: 2026-05-11 16:10:13.930337
[Est_pos child] Input files:
  gps1: C:\Pi_loc\LA\RPI1\gps\GPS_RPI1_20251015_125800_Hydro_6673.txt
  gps2: C:\Pi_loc\LA\RPI2\gps\GPS_RPI2_20251015_125800_Hydro_6676.txt
  gps3: C:\Pi_loc\LA\RPI2\gps\GPS_RPI2_20251015_125800_Hydro_6676.txt
  wav1: C:\Pi_loc\LA\RPI1\streaming\RBW6673_20251015_125800.wav
  wav2: C:\Pi_loc\LA\RPI2\streaming\RBW6676_20251015_125800.wav
  wav3: C:\Pi_loc\LA\RPI3\streaming\RBW6675_20251015_125800.wav
------------------------------------------------------------------------------------------
------------------------------------------------------------------------------------------
[Est_pos child] RUN FAILED: 20260511_161013_842629
[Est_pos child] Error: ModuleNotFoundError("No module named 'geopy'")
[Est_pos child] Traceback:
Traceback (most recent call last):
  File "C:\Code\ZOPBSP_Console\Est_pos\estimate_pos_runner.py", line 118, in main
    from Est_pos.Estimator_pos import estimate_pos
  File "C:\Code\ZOPBSP_Console\Est_pos\Estimator_pos.py", line 6, in <module>
    from geopy.distance import geodesic
ModuleNotFoundError: No module named 'geopy'

==========================================================================================

[Est_pos parent] Run finished: 20260511_161013_842629
[Est_pos parent] Return code: 1
[Est_pos parent] JSON exists: True

[Est_pos parent] PYTHON FAILURE IN CHILD: 20260511_161013_842629
[Est_pos parent] Error: ModuleNotFoundError("No module named 'geopy'")
[Est_pos parent] Traceback:
Traceback (most recent call last):
  File "C:\Code\ZOPBSP_Console\Est_pos\estimate_pos_runner.py", line 118, in main
    from Est_pos.Estimator_pos import estimate_pos
  File "C:\Code\ZOPBSP_Console\Est_pos\Estimator_pos.py", line 6, in <module>
    from geopy.distance import geodesic
ModuleNotFoundError: No module named 'geopy'

----------------------------------------------------------------------------------------------------

----------------------------------------------------------------------------------------------------
[Est_pos parent] Starting run: 20260511_161014_009812
[Est_pos parent] Time: 2026-05-11 16:10:14.009812
[Est_pos parent] Command:
  C:\ProgramData\Anaconda3\envs\Console\python.exe -u -m Est_pos.estimate_pos_runner --out C:\Users\Dell\AppData\Local\Temp\zopbsp_estpos_a1h1t73j\estpos_result.json --session-log logs\estpos_subprocess\estpos_session_20260511_160825.log --run-id 20260511_161014_009812 C:\Pi_loc\LA\RPI1\gps\GPS_RPI1_20251015_125830_Hydro_6673.txt C:\Pi_loc\LA\RPI2\gps\GPS_RPI2_20251015_125830_Hydro_6676.txt C:\Pi_loc\LA\RPI2\gps\GPS_RPI2_20251015_125830_Hydro_6676.txt C:\Pi_loc\LA\RPI1\streaming\RBW6673_20251015_125830.wav C:\Pi_loc\LA\RPI2\streaming\RBW6676_20251015_125830.wav C:\Pi_loc\LA\RPI3\streaming\RBW6675_20251015_125830.wav
[Est_pos parent] Working directory:
  C:\Code\ZOPBSP_Console
----------------------------------------------------------------------------------------------------

==========================================================================================
[Est_pos child] RUN START: 20260511_161014_009812
[Est_pos child] Time: 2026-05-11 16:10:14.113081
[Est_pos child] Input files:
  gps1: C:\Pi_loc\LA\RPI1\gps\GPS_RPI1_20251015_125830_Hydro_6673.txt
  gps2: C:\Pi_loc\LA\RPI2\gps\GPS_RPI2_20251015_125830_Hydro_6676.txt
  gps3: C:\Pi_loc\LA\RPI2\gps\GPS_RPI2_20251015_125830_Hydro_6676.txt
  wav1: C:\Pi_loc\LA\RPI1\streaming\RBW6673_20251015_125830.wav
  wav2: C:\Pi_loc\LA\RPI2\streaming\RBW6676_20251015_125830.wav
  wav3: C:\Pi_loc\LA\RPI3\streaming\RBW6675_20251015_125830.wav
------------------------------------------------------------------------------------------
------------------------------------------------------------------------------------------
[Est_pos child] RUN FAILED: 20260511_161014_009812
[Est_pos child] Error: ModuleNotFoundError("No module named 'geopy'")
[Est_pos child] Traceback:
Traceback (most recent call last):
  File "C:\Code\ZOPBSP_Console\Est_pos\estimate_pos_runner.py", line 118, in main
    from Est_pos.Estimator_pos import estimate_pos
  File "C:\Code\ZOPBSP_Console\Est_pos\Estimator_pos.py", line 6, in <module>
    from geopy.distance import geodesic
ModuleNotFoundError: No module named 'geopy'

==========================================================================================

[Est_pos parent] Run finished: 20260511_161014_009812
[Est_pos parent] Return code: 1
[Est_pos parent] JSON exists: True

[Est_pos parent] PYTHON FAILURE IN CHILD: 20260511_161014_009812
[Est_pos parent] Error: ModuleNotFoundError("No module named 'geopy'")
[Est_pos parent] Traceback:
Traceback (most recent call last):
  File "C:\Code\ZOPBSP_Console\Est_pos\estimate_pos_runner.py", line 118, in main
    from Est_pos.Estimator_pos import estimate_pos
  File "C:\Code\ZOPBSP_Console\Est_pos\Estimator_pos.py", line 6, in <module>
    from geopy.distance import geodesic
ModuleNotFoundError: No module named 'geopy'

----------------------------------------------------------------------------------------------------

----------------------------------------------------------------------------------------------------
[Est_pos parent] Starting run: 20260511_161014_177244
[Est_pos parent] Time: 2026-05-11 16:10:14.187653
[Est_pos parent] Command:
  C:\ProgramData\Anaconda3\envs\Console\python.exe -u -m Est_pos.estimate_pos_runner --out C:\Users\Dell\AppData\Local\Temp\zopbsp_estpos_4fju8wj8\estpos_result.json --session-log logs\estpos_subprocess\estpos_session_20260511_160825.log --run-id 20260511_161014_177244 C:\Pi_loc\LA\RPI1\gps\GPS_RPI1_20251015_125900_Hydro_6673.txt C:\Pi_loc\LA\RPI2\gps\GPS_RPI2_20251015_125900_Hydro_6676.txt C:\Pi_loc\LA\RPI2\gps\GPS_RPI2_20251015_125900_Hydro_6676.txt C:\Pi_loc\LA\RPI1\streaming\RBW6673_20251015_125900.wav C:\Pi_loc\LA\RPI2\streaming\RBW6676_20251015_125900.wav C:\Pi_loc\LA\RPI3\streaming\RBW6675_20251015_125900.wav
[Est_pos parent] Working directory:
  C:\Code\ZOPBSP_Console
----------------------------------------------------------------------------------------------------

==========================================================================================
[Est_pos child] RUN START: 20260511_161014_177244
[Est_pos child] Time: 2026-05-11 16:10:14.278638
[Est_pos child] Input files:
  gps1: C:\Pi_loc\LA\RPI1\gps\GPS_RPI1_20251015_125900_Hydro_6673.txt
  gps2: C:\Pi_loc\LA\RPI2\gps\GPS_RPI2_20251015_125900_Hydro_6676.txt
  gps3: C:\Pi_loc\LA\RPI2\gps\GPS_RPI2_20251015_125900_Hydro_6676.txt
  wav1: C:\Pi_loc\LA\RPI1\streaming\RBW6673_20251015_125900.wav
  wav2: C:\Pi_loc\LA\RPI2\streaming\RBW6676_20251015_125900.wav
  wav3: C:\Pi_loc\LA\RPI3\streaming\RBW6675_20251015_125900.wav
------------------------------------------------------------------------------------------
------------------------------------------------------------------------------------------
[Est_pos child] RUN FAILED: 20260511_161014_177244
[Est_pos child] Error: ModuleNotFoundError("No module named 'geopy'")
[Est_pos child] Traceback:
Traceback (most recent call last):
  File "C:\Code\ZOPBSP_Console\Est_pos\estimate_pos_runner.py", line 118, in main
    from Est_pos.Estimator_pos import estimate_pos
  File "C:\Code\ZOPBSP_Console\Est_pos\Estimator_pos.py", line 6, in <module>
    from geopy.distance import geodesic
ModuleNotFoundError: No module named 'geopy'

==========================================================================================

[Est_pos parent] Run finished: 20260511_161014_177244
[Est_pos parent] Return code: 1
[Est_pos parent] JSON exists: True

[Est_pos parent] PYTHON FAILURE IN CHILD: 20260511_161014_177244
[Est_pos parent] Error: ModuleNotFoundError("No module named 'geopy'")
[Est_pos parent] Traceback:
Traceback (most recent call last):
  File "C:\Code\ZOPBSP_Console\Est_pos\estimate_pos_runner.py", line 118, in main
    from Est_pos.Estimator_pos import estimate_pos
  File "C:\Code\ZOPBSP_Console\Est_pos\Estimator_pos.py", line 6, in <module>
    from geopy.distance import geodesic
ModuleNotFoundError: No module named 'geopy'

----------------------------------------------------------------------------------------------------

----------------------------------------------------------------------------------------------------
[Est_pos parent] Starting run: 20260511_161014_342164
[Est_pos parent] Time: 2026-05-11 16:10:14.342164
[Est_pos parent] Command:
  C:\ProgramData\Anaconda3\envs\Console\python.exe -u -m Est_pos.estimate_pos_runner --out C:\Users\Dell\AppData\Local\Temp\zopbsp_estpos_9dj75eqf\estpos_result.json --session-log logs\estpos_subprocess\estpos_session_20260511_160825.log --run-id 20260511_161014_342164 C:\Pi_loc\LA\RPI1\gps\GPS_RPI1_20251015_125930_Hydro_6673.txt C:\Pi_loc\LA\RPI2\gps\GPS_RPI2_20251015_125930_Hydro_6676.txt C:\Pi_loc\LA\RPI2\gps\GPS_RPI2_20251015_125930_Hydro_6676.txt C:\Pi_loc\LA\RPI1\streaming\RBW6673_20251015_125930.wav C:\Pi_loc\LA\RPI2\streaming\RBW6676_20251015_125930.wav C:\Pi_loc\LA\RPI3\streaming\RBW6675_20251015_125930.wav
[Est_pos parent] Working directory:
  C:\Code\ZOPBSP_Console
----------------------------------------------------------------------------------------------------

==========================================================================================
[Est_pos child] RUN START: 20260511_161014_342164
[Est_pos child] Time: 2026-05-11 16:10:14.449258
[Est_pos child] Input files:
  gps1: C:\Pi_loc\LA\RPI1\gps\GPS_RPI1_20251015_125930_Hydro_6673.txt
  gps2: C:\Pi_loc\LA\RPI2\gps\GPS_RPI2_20251015_125930_Hydro_6676.txt
  gps3: C:\Pi_loc\LA\RPI2\gps\GPS_RPI2_20251015_125930_Hydro_6676.txt
  wav1: C:\Pi_loc\LA\RPI1\streaming\RBW6673_20251015_125930.wav
  wav2: C:\Pi_loc\LA\RPI2\streaming\RBW6676_20251015_125930.wav
  wav3: C:\Pi_loc\LA\RPI3\streaming\RBW6675_20251015_125930.wav
------------------------------------------------------------------------------------------
------------------------------------------------------------------------------------------
[Est_pos child] RUN FAILED: 20260511_161014_342164
[Est_pos child] Error: ModuleNotFoundError("No module named 'geopy'")
[Est_pos child] Traceback:
Traceback (most recent call last):
  File "C:\Code\ZOPBSP_Console\Est_pos\estimate_pos_runner.py", line 118, in main
    from Est_pos.Estimator_pos import estimate_pos
  File "C:\Code\ZOPBSP_Console\Est_pos\Estimator_pos.py", line 6, in <module>
    from geopy.distance import geodesic
ModuleNotFoundError: No module named 'geopy'

==========================================================================================

[Est_pos parent] Run finished: 20260511_161014_342164
[Est_pos parent] Return code: 1
[Est_pos parent] JSON exists: True

[Est_pos parent] PYTHON FAILURE IN CHILD: 20260511_161014_342164
[Est_pos parent] Error: ModuleNotFoundError("No module named 'geopy'")
[Est_pos parent] Traceback:
Traceback (most recent call last):
  File "C:\Code\ZOPBSP_Console\Est_pos\estimate_pos_runner.py", line 118, in main
    from Est_pos.Estimator_pos import estimate_pos
  File "C:\Code\ZOPBSP_Console\Est_pos\Estimator_pos.py", line 6, in <module>
    from geopy.distance import geodesic
ModuleNotFoundError: No module named 'geopy'

----------------------------------------------------------------------------------------------------

----------------------------------------------------------------------------------------------------
[Est_pos parent] Starting run: 20260511_161014_527415
[Est_pos parent] Time: 2026-05-11 16:10:14.527415
[Est_pos parent] Command:
  C:\ProgramData\Anaconda3\envs\Console\python.exe -u -m Est_pos.estimate_pos_runner --out C:\Users\Dell\AppData\Local\Temp\zopbsp_estpos_1w7yo_35\estpos_result.json --session-log logs\estpos_subprocess\estpos_session_20260511_160825.log --run-id 20260511_161014_527415 C:\Pi_loc\LA\RPI1\gps\GPS_RPI1_20251015_130000_Hydro_6673.txt C:\Pi_loc\LA\RPI2\gps\GPS_RPI2_20251015_130000_Hydro_6676.txt C:\Pi_loc\LA\RPI2\gps\GPS_RPI2_20251015_130000_Hydro_6676.txt C:\Pi_loc\LA\RPI1\streaming\RBW6673_20251015_130000.wav C:\Pi_loc\LA\RPI2\streaming\RBW6676_20251015_130000.wav C:\Pi_loc\LA\RPI3\streaming\RBW6675_20251015_130000.wav
[Est_pos parent] Working directory:
  C:\Code\ZOPBSP_Console
----------------------------------------------------------------------------------------------------

==========================================================================================
[Est_pos child] RUN START: 20260511_161014_527415
[Est_pos child] Time: 2026-05-11 16:10:14.613301
[Est_pos child] Input files:
  gps1: C:\Pi_loc\LA\RPI1\gps\GPS_RPI1_20251015_130000_Hydro_6673.txt
  gps2: C:\Pi_loc\LA\RPI2\gps\GPS_RPI2_20251015_130000_Hydro_6676.txt
  gps3: C:\Pi_loc\LA\RPI2\gps\GPS_RPI2_20251015_130000_Hydro_6676.txt
  wav1: C:\Pi_loc\LA\RPI1\streaming\RBW6673_20251015_130000.wav
  wav2: C:\Pi_loc\LA\RPI2\streaming\RBW6676_20251015_130000.wav
  wav3: C:\Pi_loc\LA\RPI3\streaming\RBW6675_20251015_130000.wav
------------------------------------------------------------------------------------------
------------------------------------------------------------------------------------------
[Est_pos child] RUN FAILED: 20260511_161014_527415
[Est_pos child] Error: ModuleNotFoundError("No module named 'geopy'")
[Est_pos child] Traceback:
Traceback (most recent call last):
  File "C:\Code\ZOPBSP_Console\Est_pos\estimate_pos_runner.py", line 118, in main
    from Est_pos.Estimator_pos import estimate_pos
  File "C:\Code\ZOPBSP_Console\Est_pos\Estimator_pos.py", line 6, in <module>
    from geopy.distance import geodesic
ModuleNotFoundError: No module named 'geopy'

==========================================================================================

[Est_pos parent] Run finished: 20260511_161014_527415
[Est_pos parent] Return code: 1
[Est_pos parent] JSON exists: True

[Est_pos parent] PYTHON FAILURE IN CHILD: 20260511_161014_527415
[Est_pos parent] Error: ModuleNotFoundError("No module named 'geopy'")
[Est_pos parent] Traceback:
Traceback (most recent call last):
  File "C:\Code\ZOPBSP_Console\Est_pos\estimate_pos_runner.py", line 118, in main
    from Est_pos.Estimator_pos import estimate_pos
  File "C:\Code\ZOPBSP_Console\Est_pos\Estimator_pos.py", line 6, in <module>
    from geopy.distance import geodesic
ModuleNotFoundError: No module named 'geopy'

----------------------------------------------------------------------------------------------------

----------------------------------------------------------------------------------------------------
[Est_pos parent] Starting run: 20260511_161014_692966
[Est_pos parent] Time: 2026-05-11 16:10:14.698561
[Est_pos parent] Command:
  C:\ProgramData\Anaconda3\envs\Console\python.exe -u -m Est_pos.estimate_pos_runner --out C:\Users\Dell\AppData\Local\Temp\zopbsp_estpos_j6dkofnf\estpos_result.json --session-log logs\estpos_subprocess\estpos_session_20260511_160825.log --run-id 20260511_161014_692966 C:\Pi_loc\LA\RPI1\gps\GPS_RPI1_20251015_130030_Hydro_6673.txt C:\Pi_loc\LA\RPI2\gps\GPS_RPI2_20251015_130030_Hydro_6676.txt C:\Pi_loc\LA\RPI2\gps\GPS_RPI2_20251015_130030_Hydro_6676.txt C:\Pi_loc\LA\RPI1\streaming\RBW6673_20251015_130030.wav C:\Pi_loc\LA\RPI2\streaming\RBW6676_20251015_130030.wav C:\Pi_loc\LA\RPI3\streaming\RBW6675_20251015_130030.wav
[Est_pos parent] Working directory:
  C:\Code\ZOPBSP_Console
----------------------------------------------------------------------------------------------------

==========================================================================================
[Est_pos child] RUN START: 20260511_161014_692966
[Est_pos child] Time: 2026-05-11 16:10:14.796745
[Est_pos child] Input files:
  gps1: C:\Pi_loc\LA\RPI1\gps\GPS_RPI1_20251015_130030_Hydro_6673.txt
  gps2: C:\Pi_loc\LA\RPI2\gps\GPS_RPI2_20251015_130030_Hydro_6676.txt
  gps3: C:\Pi_loc\LA\RPI2\gps\GPS_RPI2_20251015_130030_Hydro_6676.txt
  wav1: C:\Pi_loc\LA\RPI1\streaming\RBW6673_20251015_130030.wav
  wav2: C:\Pi_loc\LA\RPI2\streaming\RBW6676_20251015_130030.wav
  wav3: C:\Pi_loc\LA\RPI3\streaming\RBW6675_20251015_130030.wav
------------------------------------------------------------------------------------------
------------------------------------------------------------------------------------------
[Est_pos child] RUN FAILED: 20260511_161014_692966
[Est_pos child] Error: ModuleNotFoundError("No module named 'geopy'")
[Est_pos child] Traceback:
Traceback (most recent call last):
  File "C:\Code\ZOPBSP_Console\Est_pos\estimate_pos_runner.py", line 118, in main
    from Est_pos.Estimator_pos import estimate_pos
  File "C:\Code\ZOPBSP_Console\Est_pos\Estimator_pos.py", line 6, in <module>
    from geopy.distance import geodesic
ModuleNotFoundError: No module named 'geopy'

==========================================================================================

[Est_pos parent] Run finished: 20260511_161014_692966
[Est_pos parent] Return code: 1
[Est_pos parent] JSON exists: True

[Est_pos parent] PYTHON FAILURE IN CHILD: 20260511_161014_692966
[Est_pos parent] Error: ModuleNotFoundError("No module named 'geopy'")
[Est_pos parent] Traceback:
Traceback (most recent call last):
  File "C:\Code\ZOPBSP_Console\Est_pos\estimate_pos_runner.py", line 118, in main
    from Est_pos.Estimator_pos import estimate_pos
  File "C:\Code\ZOPBSP_Console\Est_pos\Estimator_pos.py", line 6, in <module>
    from geopy.distance import geodesic
ModuleNotFoundError: No module named 'geopy'

----------------------------------------------------------------------------------------------------
